Archive member included to satisfy reference by file (symbol)

c:/program files (x86)/atmel/studio/7.0/toolchain/arm/arm-gnu-toolchain/bin/../lib/gcc/arm-none-eabi/6.3.1/../../../../arm-none-eabi/lib/thumb/v7e-m\libstdc++.a(atexit_arm.o)
                              Cpwm.o (__aeabi_atexit)
c:/program files (x86)/atmel/studio/7.0/toolchain/arm/arm-gnu-toolchain/bin/../lib/gcc/arm-none-eabi/6.3.1/../../../../arm-none-eabi/lib/thumb/v7e-m\libm.a(lib_a-wf_sqrt.o)
                              CMyMath.o (sqrtf)
c:/program files (x86)/atmel/studio/7.0/toolchain/arm/arm-gnu-toolchain/bin/../lib/gcc/arm-none-eabi/6.3.1/../../../../arm-none-eabi/lib/thumb/v7e-m\libm.a(lib_a-ef_sqrt.o)
                              c:/program files (x86)/atmel/studio/7.0/toolchain/arm/arm-gnu-toolchain/bin/../lib/gcc/arm-none-eabi/6.3.1/../../../../arm-none-eabi/lib/thumb/v7e-m\libm.a(lib_a-wf_sqrt.o) (__ieee754_sqrtf)
c:/program files (x86)/atmel/studio/7.0/toolchain/arm/arm-gnu-toolchain/bin/../lib/gcc/arm-none-eabi/6.3.1/../../../../arm-none-eabi/lib/thumb/v7e-m\libm.a(lib_a-s_lib_ver.o)
                              c:/program files (x86)/atmel/studio/7.0/toolchain/arm/arm-gnu-toolchain/bin/../lib/gcc/arm-none-eabi/6.3.1/../../../../arm-none-eabi/lib/thumb/v7e-m\libm.a(lib_a-wf_sqrt.o) (__fdlib_version)
c:/program files (x86)/atmel/studio/7.0/toolchain/arm/arm-gnu-toolchain/bin/../lib/gcc/arm-none-eabi/6.3.1/../../../../arm-none-eabi/lib/thumb/v7e-m\libm.a(lib_a-s_matherr.o)
                              c:/program files (x86)/atmel/studio/7.0/toolchain/arm/arm-gnu-toolchain/bin/../lib/gcc/arm-none-eabi/6.3.1/../../../../arm-none-eabi/lib/thumb/v7e-m\libm.a(lib_a-wf_sqrt.o) (matherr)
c:/program files (x86)/atmel/studio/7.0/toolchain/arm/arm-gnu-toolchain/bin/../lib/gcc/arm-none-eabi/6.3.1/thumb/v7e-m\libgcc.a(_arm_addsubdf3.o)
                              CMyMath.o (__aeabi_dsub)
c:/program files (x86)/atmel/studio/7.0/toolchain/arm/arm-gnu-toolchain/bin/../lib/gcc/arm-none-eabi/6.3.1/thumb/v7e-m\libgcc.a(_arm_muldivdf3.o)
                              CAds1115.o (__aeabi_dmul)
c:/program files (x86)/atmel/studio/7.0/toolchain/arm/arm-gnu-toolchain/bin/../lib/gcc/arm-none-eabi/6.3.1/thumb/v7e-m\libgcc.a(_arm_cmpdf2.o)
                              CMyMath.o (__aeabi_dcmplt)
c:/program files (x86)/atmel/studio/7.0/toolchain/arm/arm-gnu-toolchain/bin/../lib/gcc/arm-none-eabi/6.3.1/thumb/v7e-m\libgcc.a(_arm_fixdfsi.o)
                              CMyMath.o (__aeabi_d2iz)
c:/program files (x86)/atmel/studio/7.0/toolchain/arm/arm-gnu-toolchain/bin/../lib/gcc/arm-none-eabi/6.3.1/thumb/v7e-m\libgcc.a(_arm_truncdfsf2.o)
                              CAds1115.o (__aeabi_d2f)
c:/program files (x86)/atmel/studio/7.0/toolchain/arm/arm-gnu-toolchain/bin/../lib/gcc/arm-none-eabi/6.3.1/thumb/v7e-m\libgcc.a(_arm_addsubsf3.o)
                              CMyMath.o (__aeabi_fsub)
c:/program files (x86)/atmel/studio/7.0/toolchain/arm/arm-gnu-toolchain/bin/../lib/gcc/arm-none-eabi/6.3.1/thumb/v7e-m\libgcc.a(_arm_muldivsf3.o)
                              CMyMath.o (__aeabi_fmul)
c:/program files (x86)/atmel/studio/7.0/toolchain/arm/arm-gnu-toolchain/bin/../lib/gcc/arm-none-eabi/6.3.1/thumb/v7e-m\libgcc.a(_arm_cmpsf2.o)
                              CMyMath.o (__aeabi_fcmpeq)
c:/program files (x86)/atmel/studio/7.0/toolchain/arm/arm-gnu-toolchain/bin/../lib/gcc/arm-none-eabi/6.3.1/thumb/v7e-m\libgcc.a(_arm_unordsf2.o)
                              c:/program files (x86)/atmel/studio/7.0/toolchain/arm/arm-gnu-toolchain/bin/../lib/gcc/arm-none-eabi/6.3.1/../../../../arm-none-eabi/lib/thumb/v7e-m\libm.a(lib_a-wf_sqrt.o) (__aeabi_fcmpun)
c:/program files (x86)/atmel/studio/7.0/toolchain/arm/arm-gnu-toolchain/bin/../lib/gcc/arm-none-eabi/6.3.1/thumb/v7e-m\libgcc.a(_arm_fixsfsi.o)
                              CMyMath.o (__aeabi_f2iz)
c:/program files (x86)/atmel/studio/7.0/toolchain/arm/arm-gnu-toolchain/bin/../lib/gcc/arm-none-eabi/6.3.1/../../../../arm-none-eabi/lib/thumb/v7e-m\libc.a(lib_a-assert.o)
                              CSpi.o (__assert_func)
c:/program files (x86)/atmel/studio/7.0/toolchain/arm/arm-gnu-toolchain/bin/../lib/gcc/arm-none-eabi/6.3.1/../../../../arm-none-eabi/lib/thumb/v7e-m\libc.a(lib_a-cxa_atexit.o)
                              c:/program files (x86)/atmel/studio/7.0/toolchain/arm/arm-gnu-toolchain/bin/../lib/gcc/arm-none-eabi/6.3.1/../../../../arm-none-eabi/lib/thumb/v7e-m\libstdc++.a(atexit_arm.o) (__cxa_atexit)
c:/program files (x86)/atmel/studio/7.0/toolchain/arm/arm-gnu-toolchain/bin/../lib/gcc/arm-none-eabi/6.3.1/../../../../arm-none-eabi/lib/thumb/v7e-m\libc.a(lib_a-errno.o)
                              c:/program files (x86)/atmel/studio/7.0/toolchain/arm/arm-gnu-toolchain/bin/../lib/gcc/arm-none-eabi/6.3.1/../../../../arm-none-eabi/lib/thumb/v7e-m\libm.a(lib_a-wf_sqrt.o) (__errno)
[...]
Memory Configuration

Name             Origin             Length             Attributes
rom              0x00000000         0x00100000         xr
ram              0x20000000         0x00040000         xrw
bkupram          0x47000000         0x00002000         xrw
qspi             0x04000000         0x01000000         xrw
*default*        0x00000000         0xffffffff

Linker script and memory map

LOAD c:/program files (x86)/atmel/studio/7.0/toolchain/arm/arm-gnu-toolchain/bin/../lib/gcc/arm-none-eabi/6.3.1/thumb/v7e-m/crti.o
LOAD c:/program files (x86)/atmel/studio/7.0/toolchain/arm/arm-gnu-toolchain/bin/../lib/gcc/arm-none-eabi/6.3.1/thumb/v7e-m/crtbegin.o
LOAD c:/program files (x86)/atmel/studio/7.0/toolchain/arm/arm-gnu-toolchain/bin/../lib/gcc/arm-none-eabi/6.3.1/../../../../arm-none-eabi/lib/thumb/v7e-m/crt0.o
LOAD CAds1115.o
LOAD CAnalog.o
LOAD CCirBuffer.o
LOAD CCore.o
LOAD CI2c.o
LOAD CmotorControl.o
LOAD CMyMath.o
LOAD CPinPeripheral.o
LOAD Cpwm.o
LOAD CServo.o
LOAD CReset.o
LOAD CSerial.o
LOAD CSpi.o
LOAD CUart.o
LOAD CZumo.o
LOAD Device_Startup/clocks.o
LOAD Device_Startup/startup_samd51.o
LOAD Device_Startup/syscalls.o
LOAD Device_Startup/system_samd51.o
LOAD main.o
LOAD MSercom.o
START GROUP
END GROUP
LOAD c:/program files (x86)/atmel/studio/7.0/toolchain/arm/arm-gnu-toolchain/bin/../lib/gcc/arm-none-eabi/6.3.1/../../../../arm-none-eabi/lib/thumb/v7e-m\libstdc++.a
LOAD c:/program files (x86)/atmel/studio/7.0/toolchain/arm/arm-gnu-toolchain/bin/../lib/gcc/arm-none-eabi/6.3.1/../../../../arm-none-eabi/lib/thumb/v7e-m\libm.a
START GROUP
LOAD c:/program files (x86)/atmel/studio/7.0/toolchain/arm/arm-gnu-toolchain/bin/../lib/gcc/arm-none-eabi/6.3.1/thumb/v7e-m\libgcc.a
LOAD c:/program files (x86)/atmel/studio/7.0/toolchain/arm/arm-gnu-toolchain/bin/../lib/gcc/arm-none-eabi/6.3.1/../../../../arm-none-eabi/lib/thumb/v7e-m\libc.a
END GROUP
LOAD c:/program files (x86)/atmel/studio/7.0/toolchain/arm/arm-gnu-toolchain/bin/../lib/gcc/arm-none-eabi/6.3.1/thumb/v7e-m/crtend.o
LOAD c:/program files (x86)/atmel/studio/7.0/toolchain/arm/arm-gnu-toolchain/bin/../lib/gcc/arm-none-eabi/6.3.1/thumb/v7e-m/crtn.o
                0x00010000                STACK_SIZE = DEFINED (STACK_SIZE)?STACK_SIZE:DEFINED (__stack_size__)?__stack_size__:0x10000

.text           0x00000000     0xace4
                0x00000000                . = ALIGN (0x4)
                0x00000000                _sfixed = .
 *(.vectors .vectors.*)
 .vectors       0x00000000      0x264 Device_Startup/startup_samd51.o
                0x00000000                exception_table
 *(.text .text.* .gnu.linkonce.t.*)
 .text          0x00000264       0x6c c:/program files (x86)/atmel/studio/7.0/toolchain/arm/arm-gnu-toolchain/bin/../lib/gcc/arm-none-eabi/6.3.1/thumb/v7e-m/crtbegin.o
 .text._ZN8CAds1115C2Ev
                0x000002d0        0xe CAds1115.o
                0x000002d0                CAds1115::CAds1115()
                0x000002d0                CAds1115::CAds1115()
 *fill*         0x000002de        0x2 
 .text._ZN8CAds111513WriteRegisterEhPhj
                0x000002e0       0x20 CAds1115.o
                0x000002e0                CAds1115::WriteRegister(unsigned char, unsigned char*, unsigned int)
 .text._ZN8CAds111512ReadRegisterEhPhh
                0x00000300       0x20 CAds1115.o
                0x00000300                CAds1115::ReadRegister(unsigned char, unsigned char*, unsigned char)
 .text._ZN8CAds111519ReadADC_SingleEndedEh
                0x00000320       0xa8 CAds1115.o
                0x00000320                CAds1115::ReadADC_SingleEnded(unsigned char)
 .text._ZN8CAds11154TestEv
                0x000003c8       0x40 CAds1115.o
                0x000003c8                CAds1115::Test()
 .text._ZN8CAds11154InitEv
                0x00000408        0xc CAds1115.o
                0x00000408                CAds1115::Init()
 .text._ZN7CAnalogC2Ev
                0x00000414       0x14 CAnalog.o
                0x00000414                CAnalog::CAnalog()
                0x00000414                CAnalog::CAnalog()
 .text._ZN7CAnalogD2Ev
                0x00000428        0x2 CAnalog.o
                0x00000428                CAnalog::~CAnalog()
                0x00000428                CAnalog::~CAnalog()
 .text._Z22atomic_enter_criticalpPVm
                0x0000042a        0xe CCore.o
                0x0000042a                atomic_enter_criticalp(unsigned long volatile*)
 .text._Z21atomic_leave_criticalPVm
                0x00000438        0xc CCore.o
                0x00000438                atomic_leave_critical(unsigned long volatile*)
 .text._ZN5CCoreC2Ev
                0x00000444        0x8 CCore.o
                0x00000444                CCore::CCore()
                0x00000444                CCore::CCore()
 .text._ZN5CCoreD2Ev
                0x0000044c        0x2 CCore.o
                0x0000044c                CCore::~CCore()
                0x0000044c                CCore::~CCore()
 *fill*         0x0000044e        0x2 
 .text._ZN5CCore4InitEv
                0x00000450       0x34 CCore.o
                0x00000450                CCore::Init()
 .text._ZN5CCore9tickResetEv
                0x00000484       0x34 CCore.o
                0x00000484                CCore::tickReset()
 .text.SysTick_Handler
                0x000004b8       0x20 CCore.o
                0x000004b8                SysTick_Handler
 .text._ZN5CCore6millisEv
                0x000004d8        0xc CCore.o
                0x000004d8                CCore::millis()
 .text._ZN5CCore6microsEv
                0x000004e4       0x78 CCore.o
                0x000004e4                CCore::micros()
 .text._ZN5CCore5delayEm
                0x0000055c       0x30 CCore.o
                0x0000055c                CCore::delay(unsigned long)
 .text._ZN4CI2cD2Ev
                0x0000058c        0x2 CI2c.o
                0x0000058c                CI2c::~CI2c()
                0x0000058c                CI2c::~CI2c()
 .text._ZN4CI2cC2EP6SERCOMhh
                0x0000058e       0x10 CI2c.o
                0x0000058e                CI2c::CI2c(SERCOM*, unsigned char, unsigned char)
                0x0000058e                CI2c::CI2c(SERCOM*, unsigned char, unsigned char)
 *fill*         0x0000059e        0x2 
 .text._ZN4CI2c4initEv
                0x000005a0       0x58 CI2c.o
                0x000005a0                CI2c::init()
 .text._ZN4CI2c12ReadRegToBufEhhPhj
                0x000005f8       0xb4 CI2c.o
                0x000005f8                CI2c::ReadRegToBuf(unsigned char, unsigned char, unsigned char*, unsigned int)
 .text._ZN4CI2c18WriteRegisterBytesEhhPhj
                0x000006ac       0x6c CI2c.o
                0x000006ac                CI2c::WriteRegisterBytes(unsigned char, unsigned char, unsigned char*, unsigned int)
 .text._ZN13CmotorControlC2Ev
                0x00000718        0x2 CmotorControl.o
                0x00000718                CmotorControl::CmotorControl()
                0x00000718                CmotorControl::CmotorControl()
 .text._ZN13CmotorControlD2Ev
                0x0000071a        0x2 CmotorControl.o
                0x0000071a                CmotorControl::~CmotorControl()
                0x0000071a                CmotorControl::~CmotorControl()
 .text._ZN13CmotorControl4InitEv
                0x0000071c       0x18 CmotorControl.o
                0x0000071c                CmotorControl::Init()
 .text._ZN14CPinPeripheralC2Ev
                0x00000734        0x2 CPinPeripheral.o
                0x00000734                CPinPeripheral::CPinPeripheral()
                0x00000734                CPinPeripheral::CPinPeripheral()
 .text._ZN14CPinPeripheralD2Ev
                0x00000736        0x2 CPinPeripheral.o
                0x00000736                CPinPeripheral::~CPinPeripheral()
                0x00000736                CPinPeripheral::~CPinPeripheral()
 .text._ZN14CPinPeripheral7PinModeEmm
                0x00000738       0x88 CPinPeripheral.o
                0x00000738                CPinPeripheral::PinMode(unsigned long, unsigned long)
 .text._ZN14CPinPeripheral13SetPeripheralEm9_EPioType
                0x000007c0      0x120 CPinPeripheral.o
                0x000007c0                CPinPeripheral::SetPeripheral(unsigned long, _EPioType)
 .text._ZN14CPinPeripheral6SetPinEmm
                0x000008e0       0x7c CPinPeripheral.o
                0x000008e0                CPinPeripheral::SetPin(unsigned long, unsigned long)
 .text._ZN4CpwmD2Ev
                0x0000095c        0x2 Cpwm.o
                0x0000095c                Cpwm::~Cpwm()
                0x0000095c                Cpwm::~Cpwm()
 *fill*         0x0000095e        0x2 
 .text._ZN4Cpwm5WriteEmm
                0x00000960      0x210 Cpwm.o
                0x00000960                Cpwm::Write(unsigned long, unsigned long)
 .text._GLOBAL__sub_I_g_apTCInstances
                0x00000b70       0x20 Cpwm.o
 .text._Z13Servo_Handler18timer16_Sequence_tP2Tchh
                0x00000b90      0x19c CServo.o
                0x00000b90                Servo_Handler(timer16_Sequence_t, Tc*, unsigned char, unsigned char)
 .text.TC0_Handler
                0x00000d2c       0x18 CServo.o
                0x00000d2c                TC0_Handler
 .text._ZN6CServoC2Ev
                0x00000d44       0x4c CServo.o
                0x00000d44                CServo::CServo()
                0x00000d44                CServo::CServo()
 .text._ZN6CServoD2Ev
                0x00000d90        0x2 CServo.o
                0x00000d90                CServo::~CServo()
                0x00000d90                CServo::~CServo()
 .text._ZN4CSpiD2Ev
                0x00000d92        0x2 CSpi.o
                0x00000d92                CSpi::~CSpi()
                0x00000d92                CSpi::~CSpi()
 .text._ZN4CSpiC2EP6SERCOMhhh14SercomSpiTXPad11SercomRXPad
                0x00000d94       0x40 CSpi.o
                0x00000d94                CSpi::CSpi(SERCOM*, unsigned char, unsigned char, unsigned char, SercomSpiTXPad, SercomRXPad)
                0x00000d94                CSpi::CSpi(SERCOM*, unsigned char, unsigned char, unsigned char, SercomSpiTXPad, SercomRXPad)
 .text._GLOBAL__sub_I__ZN4CSpiC2Ev
                0x00000dd4       0x4c CSpi.o
 .text._ZN5CUartD2Ev
                0x00000e20        0x2 CUart.o
                0x00000e20                CUart::~CUart()
                0x00000e20                CUart::~CUart()
 .text._ZN5CUartC2EP6SERCOM
                0x00000e22       0x1e CUart.o
                0x00000e22                CUart::CUart(SERCOM*)
                0x00000e22                CUart::CUart(SERCOM*)
 .text._ZN5CUart4InitEmhh11SercomRXPad15SercomUartTXPadhh
                0x00000e40      0x1a4 CUart.o
                0x00000e40                CUart::Init(unsigned long, unsigned char, unsigned char, SercomRXPad, SercomUartTXPad, unsigned char, unsigned char)
 .text._ZN5CUart5WriteEP11CirBuffer_th
                0x00000fe4       0x32 CUart.o
                0x00000fe4                CUart::Write(CirBuffer_t*, unsigned char)
 .text._ZN5CUart4ReadEP11CirBuffer_tPh
                0x00001016       0x30 CUart.o
                0x00001016                CUart::Read(CirBuffer_t*, unsigned char*)
 *fill*         0x00001046        0x2 
 .text._ZN5CUart10IrqHandlerEv
                0x00001048       0xc4 CUart.o
                0x00001048                CUart::IrqHandler()
 .text._ZN5CUart9WriteCharEh
                0x0000110c       0xb0 CUart.o
                0x0000110c                CUart::WriteChar(unsigned char)
 .text._ZN5CUart13DisplayPrintfEPKcz
                0x000011bc       0x48 CUart.o
                0x000011bc                CUart::DisplayPrintf(char const*, ...)
 .text._ZN5CZumoC2Ev
                0x00001204        0x2 CZumo.o
                0x00001204                CZumo::CZumo()
                0x00001204                CZumo::CZumo()
 .text._ZN5CZumoD2Ev
                0x00001206        0x2 CZumo.o
                0x00001206                CZumo::~CZumo()
                0x00001206                CZumo::~CZumo()
 .text._ZN5CZumo8MainInitEv
                0x00001208       0x6c CZumo.o
                0x00001208                CZumo::MainInit()
 .text._ZN5CZumo4InitEv
                0x00001274       0xb4 CZumo.o
                0x00001274                CZumo::Init()
 .text._GLOBAL__sub_I_Ads1115
                0x00001328       0x68 CZumo.o
 .text.Dummy_Handler
                0x00001390        0x2 Device_Startup/startup_samd51.o
                0x00001390                EIC_5_Handler
                0x00001390                SVCall_Handler
                0x00001390                SERCOM0_2_Handler
                0x00001390                EIC_13_Handler
                0x00001390                EVSYS_0_Handler
                0x00001390                TCC1_3_Handler
                0x00001390                DAC_3_Handler
                0x00001390                TRNG_Handler
                0x00001390                HardFault_Handler
                0x00001390                TC2_Handler
                0x00001390                PDEC_2_Handler
                0x00001390                EIC_4_Handler
                0x00001390                AC_Handler
                0x00001390                SERCOM3_1_Handler
                0x00001390                TCC2_3_Handler
                0x00001390                SERCOM3_2_Handler
                0x00001390                PendSV_Handler
                0x00001390                TC7_Handler
                0x00001390                ADC1_1_Handler
                0x00001390                EVSYS_3_Handler
                0x00001390                PDEC_0_Handler
                0x00001390                QSPI_Handler
                0x00001390                NonMaskableInt_Handler
                0x00001390                TCC0_0_Handler
                0x00001390                EIC_3_Handler
                0x00001390                MemManagement_Handler
                0x00001390                DAC_2_Handler
                0x00001390                SERCOM0_0_Handler
                0x00001390                RTC_Handler
                0x00001390                UsageFault_Handler
                0x00001390                SERCOM4_0_Handler
                0x00001390                EIC_10_Handler
                0x00001390                SERCOM0_3_Handler
                0x00001390                EIC_11_Handler
                0x00001390                EIC_9_Handler
                0x00001390                OSC32KCTRL_Handler
                0x00001390                TCC2_1_Handler
                0x00001390                SUPC_1_Handler
                0x00001390                TCC0_5_Handler
                0x00001390                TCC0_6_Handler
                0x00001390                SERCOM6_2_Handler
                0x00001390                EVSYS_1_Handler
                0x00001390                TCC1_4_Handler
                0x00001390                TC6_Handler
                0x00001390                DMAC_0_Handler
                0x00001390                WDT_Handler
                0x00001390                EIC_8_Handler
                0x00001390                EIC_15_Handler
                0x00001390                SERCOM6_0_Handler
                0x00001390                TC4_Handler
                0x00001390                TC1_Handler
                0x00001390                OSCCTRL_4_Handler
                0x00001390                SERCOM4_3_Handler
                0x00001390                EIC_12_Handler
                0x00001390                DMAC_4_Handler
                0x00001390                TCC4_2_Handler
                0x00001390                PAC_Handler
                0x00001390                TCC1_0_Handler
                0x00001390                USB_0_Handler
                0x00001390                OSCCTRL_0_Handler
                0x00001390                EIC_0_Handler
                0x00001390                OSCCTRL_3_Handler
                0x00001390                SERCOM4_1_Handler
                0x00001390                TC3_Handler
                0x00001390                Dummy_Handler
                0x00001390                TCC3_0_Handler
                0x00001390                TCC2_2_Handler
                0x00001390                TCC1_1_Handler
                0x00001390                DMAC_2_Handler
                0x00001390                ADC0_0_Handler
                0x00001390                SERCOM0_1_Handler
                0x00001390                OSCCTRL_2_Handler
                0x00001390                ADC1_0_Handler
                0x00001390                TCC1_2_Handler
                0x00001390                SERCOM7_1_Handler
                0x00001390                USB_1_Handler
                0x00001390                PM_Handler
                0x00001390                SERCOM6_3_Handler
                0x00001390                SERCOM2_3_Handler
                0x00001390                DAC_4_Handler
                0x00001390                TCC3_2_Handler
                0x00001390                SERCOM7_0_Handler
                0x00001390                TCC0_2_Handler
                0x00001390                DMAC_1_Handler
                0x00001390                TCC4_0_Handler
                0x00001390                SERCOM7_3_Handler
                0x00001390                SDHC1_Handler
                0x00001390                USB_3_Handler
                0x00001390                SERCOM7_2_Handler
                0x00001390                TCC2_0_Handler
                0x00001390                PDEC_1_Handler
                0x00001390                TCC4_1_Handler
                0x00001390                USB_2_Handler
                0x00001390                SERCOM6_1_Handler
                0x00001390                SDHC0_Handler
                0x00001390                SERCOM1_1_Handler
                0x00001390                I2S_Handler
                0x00001390                EIC_2_Handler
                0x00001390                PCC_Handler
                0x00001390                DAC_0_Handler
                0x00001390                TCC0_1_Handler
                0x00001390                SERCOM1_3_Handler
                0x00001390                EIC_6_Handler
                0x00001390                OSCCTRL_1_Handler
                0x00001390                SERCOM1_0_Handler
                0x00001390                PUKCC_Handler
                0x00001390                SERCOM2_1_Handler
                0x00001390                SERCOM1_2_Handler
                0x00001390                SERCOM3_0_Handler
                0x00001390                EIC_1_Handler
                0x00001390                SERCOM4_2_Handler
                0x00001390                EVSYS_4_Handler
                0x00001390                EIC_7_Handler
                0x00001390                NVMCTRL_1_Handler
                0x00001390                SERCOM3_3_Handler
                0x00001390                ADC0_1_Handler
                0x00001390                SERCOM2_2_Handler
                0x00001390                TCC3_1_Handler
                0x00001390                EIC_14_Handler
                0x00001390                DAC_1_Handler
                0x00001390                NVMCTRL_0_Handler
                0x00001390                MCLK_Handler
                0x00001390                EVSYS_2_Handler
                0x00001390                SUPC_0_Handler
                0x00001390                BusFault_Handler
                0x00001390                FREQM_Handler
                0x00001390                TCC0_3_Handler
                0x00001390                DMAC_3_Handler
                0x00001390                DebugMonitor_Handler
                0x00001390                TCC0_4_Handler
                0x00001390                RAMECC_Handler
                0x00001390                TC5_Handler
                0x00001390                SERCOM2_0_Handler
                0x00001390                AES_Handler
                0x00001390                ICM_Handler
 *fill*         0x00001392        0x2 
 .text.Reset_Handler
                0x00001394       0x84 Device_Startup/startup_samd51.o
                0x00001394                Reset_Handler
 .text._read    0x00001418        0x4 Device_Startup/syscalls.o
                0x00001418                _read
 .text._write   0x0000141c        0xc Device_Startup/syscalls.o
                0x0000141c                _write
 .text._sbrk    0x00001428       0x24 Device_Startup/syscalls.o
                0x00001428                _sbrk
 .text._close   0x0000144c        0x6 Device_Startup/syscalls.o
                0x0000144c                _close
 .text._fstat   0x00001452        0xa Device_Startup/syscalls.o
                0x00001452                _fstat
 .text._isatty  0x0000145c        0x4 Device_Startup/syscalls.o
                0x0000145c                _isatty
 .text._lseek   0x00001460        0x4 Device_Startup/syscalls.o
                0x00001460                _lseek
 .text._exit    0x00001464       0x14 Device_Startup/syscalls.o
                0x00001464                _exit
 .text._kill    0x00001478        0x2 Device_Startup/syscalls.o
                0x00001478                _kill
 .text._getpid  0x0000147a        0x6 Device_Startup/syscalls.o
                0x0000147a                _getpid
 .text.SystemInit
                0x00001480       0x10 Device_Startup/system_samd51.o
                0x00001480                SystemInit
 .text.main     0x00001490       0x5c main.o
                0x00001490                main
 .text._GLOBAL__sub_I_sercom1
                0x000014ec      0x100 main.o
 .text._ZN6SERCOMC2EP6Sercom
                0x000015ec        0x8 MSercom.o
                0x000015ec                SERCOM::SERCOM(Sercom*)
                0x000015ec                SERCOM::SERCOM(Sercom*)
 .text._ZN6SERCOM8initUARTE14SercomUartMode20SercomUartSampleRatem
                0x000015f4       0x58 MSercom.o
                0x000015f4                SERCOM::initUART(SercomUartMode, SercomUartSampleRate, unsigned long)
 .text._ZN6SERCOM9initFrameE18SercomUartCharSize15SercomDataOrder16SercomParityMode19SercomNumberStopBit
                0x0000164c       0x3a MSercom.o
                0x0000164c                SERCOM::initFrame(SercomUartCharSize, SercomDataOrder, SercomParityMode, SercomNumberStopBit)
 .text._ZN6SERCOM8initPadsE15SercomUartTXPad11SercomRXPad
                0x00001686       0x26 MSercom.o
                0x00001686                SERCOM::initPads(SercomUartTXPad, SercomRXPad)
 .text._ZN6SERCOM10enableUARTEv
                0x000016ac       0x16 MSercom.o
                0x000016ac                SERCOM::enableUART()
 .text._ZN6SERCOM15clearStatusUARTEv
                0x000016c2        0x8 MSercom.o
                0x000016c2                SERCOM::clearStatusUART()
 .text._ZN6SERCOM17availableDataUARTEv
                0x000016ca        0xa MSercom.o
                0x000016ca                SERCOM::availableDataUART()
 .text._ZN6SERCOM11isUARTErrorEv
                0x000016d4        0x8 MSercom.o
                0x000016d4                SERCOM::isUARTError()
 .text._ZN6SERCOM20acknowledgeUARTErrorEv
                0x000016dc        0xc MSercom.o
                0x000016dc                SERCOM::acknowledgeUARTError()
 .text._ZN6SERCOM16isFrameErrorUARTEv
                0x000016e8        0xa MSercom.o
                0x000016e8                SERCOM::isFrameErrorUART()
 .text._ZN6SERCOM19clearFrameErrorUARTEv
                0x000016f2        0xc MSercom.o
                0x000016f2                SERCOM::clearFrameErrorUART()
 .text._ZN6SERCOM23isDataRegisterEmptyUARTEv
                0x000016fe        0xa MSercom.o
                0x000016fe                SERCOM::isDataRegisterEmptyUART()
 .text._ZN6SERCOM12readDataUARTEv
                0x00001708        0x8 MSercom.o
                0x00001708                SERCOM::readDataUART()
 .text._ZN6SERCOM13writeDataUARTEh
                0x00001710       0x10 MSercom.o
                0x00001710                SERCOM::writeDataUART(unsigned char)
 .text._ZN6SERCOM36enableDataRegisterEmptyInterruptUARTEv
                0x00001720        0x8 MSercom.o
                0x00001720                SERCOM::enableDataRegisterEmptyInterruptUART()
 .text._ZN6SERCOM37disableDataRegisterEmptyInterruptUARTEv
                0x00001728        0x8 MSercom.o
                0x00001728                SERCOM::disableDataRegisterEmptyInterruptUART()
 .text._ZN6SERCOM22sercomusart_is_syncingEm
                0x00001730        0xe MSercom.o
                0x00001730                SERCOM::sercomusart_is_syncing(unsigned long)
 .text._ZN6SERCOM22SercomUsartWaitForSyncEm
                0x0000173e        0xa MSercom.o
                0x0000173e                SERCOM::SercomUsartWaitForSync(unsigned long)
 .text._ZN6SERCOM22SercomUsartGetCTRLARegEm
                0x00001748       0x18 MSercom.o
                0x00001748                SERCOM::SercomUsartGetCTRLAReg(unsigned long)
 .text._ZN6SERCOM11GetUartModeEv
                0x00001760        0xa MSercom.o
                0x00001760                SERCOM::GetUartMode()
 *fill*         0x0000176a        0x2 
 .text._ZN6SERCOM32SercomUsartClearCTRLA_ENABLE_bitEv
                0x0000176c       0x38 MSercom.o
                0x0000176c                SERCOM::SercomUsartClearCTRLA_ENABLE_bit()
 .text._ZN6SERCOM24SercomUsartWriteCTRLARegEm
                0x000017a4       0x34 MSercom.o
                0x000017a4                SERCOM::SercomUsartWriteCTRLAReg(unsigned long)
 .text._ZN6SERCOM9resetWIREEv
                0x000017d8       0x1e MSercom.o
                0x000017d8                SERCOM::resetWIRE()
 .text._ZN6SERCOM10enableWIREEv
                0x000017f6       0x2a MSercom.o
                0x000017f6                SERCOM::enableWIRE()
 .text._ZN6SERCOM18prepareNackBitWIREEv
                0x00001820        0xe MSercom.o
                0x00001820                SERCOM::prepareNackBitWIRE()
 .text._ZN6SERCOM17prepareAckBitWIREEv
                0x0000182e        0xe MSercom.o
                0x0000182e                SERCOM::prepareAckBitWIRE()
 .text._ZN6SERCOM22prepareCommandBitsWireEh
                0x0000183c       0x2a MSercom.o
                0x0000183c                SERCOM::prepareCommandBitsWire(unsigned char)
 .text._ZN6SERCOM21startTransmissionWIREEh23SercomWireReadWriteFlag
                0x00001866       0x62 MSercom.o
                0x00001866                SERCOM::startTransmissionWIRE(unsigned char, SercomWireReadWriteFlag)
 .text._ZN6SERCOM18sendDataMasterWIREEh
                0x000018c8       0x26 MSercom.o
                0x000018c8                SERCOM::sendDataMasterWIRE(unsigned char)
 .text._ZN6SERCOM12readDataWIREEv
                0x000018ee       0x20 MSercom.o
                0x000018ee                SERCOM::readDataWIRE()
 *fill*         0x0000190e        0x2 
 .text._ZN6SERCOM14getSercomIndexEv
                0x00001910       0x58 MSercom.o
                0x00001910                SERCOM::getSercomIndex()
 .text._ZN6SERCOM14setClockSourceEa17SercomClockSourceb
                0x00001968      0x108 MSercom.o
                0x00001968                SERCOM::setClockSource(signed char, SercomClockSource, bool)
 .text._ZN6SERCOM18USART_0_CLOCK_initEv
                0x00001a70       0x24 MSercom.o
                0x00001a70                SERCOM::USART_0_CLOCK_init()
 .text._ZN6SERCOM13initClockNVICEv
                0x00001a94       0xb4 MSercom.o
                0x00001a94                SERCOM::initClockNVIC()
 .text._ZN6SERCOM14initMasterWIREEm
                0x00001b48       0x60 MSercom.o
                0x00001b48                SERCOM::initMasterWIRE(unsigned long)
 .text.SERCOM5_0_Handler
                0x00001ba8       0x14 MSercom.o
                0x00001ba8                SERCOM5_0_Handler
 .text.SERCOM5_1_Handler
                0x00001bbc       0x14 MSercom.o
                0x00001bbc                SERCOM5_1_Handler
 .text.SERCOM5_2_Handler
                0x00001bd0       0x14 MSercom.o
                0x00001bd0                SERCOM5_2_Handler
 .text.SERCOM5_3_Handler
                0x00001be4       0x14 MSercom.o
                0x00001be4                SERCOM5_3_Handler
 .text.__aeabi_atexit
                0x00001bf8        0xc c:/program files (x86)/atmel/studio/7.0/toolchain/arm/arm-gnu-toolchain/bin/../lib/gcc/arm-none-eabi/6.3.1/../../../../arm-none-eabi/lib/thumb/v7e-m\libstdc++.a(atexit_arm.o)
                0x00001bf8                __aeabi_atexit
 .text          0x00001c04      0x370 c:/program files (x86)/atmel/studio/7.0/toolchain/arm/arm-gnu-toolchain/bin/../lib/gcc/arm-none-eabi/6.3.1/thumb/v7e-m\libgcc.a(_arm_addsubdf3.o)
                0x00001c04                __aeabi_drsub
                0x00001c0c                __aeabi_dsub
                0x00001c0c                __subdf3
                0x00001c10                __aeabi_dadd
                0x00001c10                __adddf3
                0x00001e88                __floatunsidf
                0x00001e88                __aeabi_ui2d
                0x00001ea8                __floatsidf
                0x00001ea8                __aeabi_i2d
                0x00001ecc                __aeabi_f2d
                0x00001ecc                __extendsfdf2
                0x00001f08                __floatundidf
                0x00001f08                __aeabi_ul2d
                0x00001f18                __floatdidf
                0x00001f18                __aeabi_l2d
 .text          0x00001f74      0x424 c:/program files (x86)/atmel/studio/7.0/toolchain/arm/arm-gnu-toolchain/bin/../lib/gcc/arm-none-eabi/6.3.1/thumb/v7e-m\libgcc.a(_arm_muldivdf3.o)
                0x00001f74                __aeabi_dmul
                0x00001f74                __muldf3
                0x000021c8                __divdf3
                0x000021c8                __aeabi_ddiv
 .text          0x00002398      0x110 c:/program files (x86)/atmel/studio/7.0/toolchain/arm/arm-gnu-toolchain/bin/../lib/gcc/arm-none-eabi/6.3.1/thumb/v7e-m\libgcc.a(_arm_cmpdf2.o)
                0x00002398                __gtdf2
                0x00002398                __gedf2
                0x000023a0                __ltdf2
                0x000023a0                __ledf2
                0x000023a8                __nedf2
                0x000023a8                __eqdf2
                0x000023a8                __cmpdf2
                0x00002424                __aeabi_cdrcmple
                0x00002434                __aeabi_cdcmpeq
                0x00002434                __aeabi_cdcmple
                0x00002444                __aeabi_dcmpeq
                0x00002458                __aeabi_dcmplt
                0x0000246c                __aeabi_dcmple
                0x00002480                __aeabi_dcmpge
                0x00002494                __aeabi_dcmpgt
 .text          0x000024a8       0x50 c:/program files (x86)/atmel/studio/7.0/toolchain/arm/arm-gnu-toolchain/bin/../lib/gcc/arm-none-eabi/6.3.1/thumb/v7e-m\libgcc.a(_arm_fixdfsi.o)
                0x000024a8                __aeabi_d2iz
                0x000024a8                __fixdfsi
 .text.__assert_func
                0x000024f8       0x3c c:/program files (x86)/atmel/studio/7.0/toolchain/arm/arm-gnu-toolchain/bin/../lib/gcc/arm-none-eabi/6.3.1/../../../../arm-none-eabi/lib/thumb/v7e-m\libc.a(lib_a-assert.o)
                0x000024f8                __assert_func
 .text.__cxa_atexit
                0x00002534        0xc c:/program files (x86)/atmel/studio/7.0/toolchain/arm/arm-gnu-toolchain/bin/../lib/gcc/arm-none-eabi/6.3.1/../../../../arm-none-eabi/lib/thumb/v7e-m\libc.a(lib_a-cxa_atexit.o)
                0x00002534                __cxa_atexit
 .text.fiprintf
                0x00002540       0x28 c:/program files (x86)/atmel/studio/7.0/toolchain/arm/arm-gnu-toolchain/bin/../lib/gcc/arm-none-eabi/6.3.1/../../../../arm-none-eabi/lib/thumb/v7e-m\libc.a(lib_a-fiprintf.o)
                0x00002540                fiprintf
 .text.__libc_init_array
                0x00002568       0x50 c:/program files (x86)/atmel/studio/7.0/toolchain/arm/arm-gnu-toolchain/bin/../lib/gcc/arm-none-eabi/6.3.1/../../../../arm-none-eabi/lib/thumb/v7e-m\libc.a(lib_a-init.o)
                0x00002568                __libc_init_array
 .text.memset   0x000025b8       0x9c c:/program files (x86)/atmel/studio/7.0/toolchain/arm/arm-gnu-toolchain/bin/../lib/gcc/arm-none-eabi/6.3.1/../../../../arm-none-eabi/lib/thumb/v7e-m\libc.a(lib_a-memset.o)
                0x000025b8                memset
 .text.printf   0x00002654       0x28 c:/program files (x86)/atmel/studio/7.0/toolchain/arm/arm-gnu-toolchain/bin/../lib/gcc/arm-none-eabi/6.3.1/../../../../arm-none-eabi/lib/thumb/v7e-m\libc.a(lib_a-printf.o)
                0x00002654                printf
 .text.__sread  0x0000267c       0x24 c:/program files (x86)/atmel/studio/7.0/toolchain/arm/arm-gnu-toolchain/bin/../lib/gcc/arm-none-eabi/6.3.1/../../../../arm-none-eabi/lib/thumb/v7e-m\libc.a(lib_a-stdio.o)
                0x0000267c                __sread
 .text.__swrite
                0x000026a0       0x3c c:/program files (x86)/atmel/studio/7.0/toolchain/arm/arm-gnu-toolchain/bin/../lib/gcc/arm-none-eabi/6.3.1/../../../../arm-none-eabi/lib/thumb/v7e-m\libc.a(lib_a-stdio.o)
                0x000026a0                __swrite
 .text.__sseek  0x000026dc       0x20 c:/program files (x86)/atmel/studio/7.0/toolchain/arm/arm-gnu-toolchain/bin/../lib/gcc/arm-none-eabi/6.3.1/../../../../arm-none-eabi/lib/thumb/v7e-m\libc.a(lib_a-stdio.o)
                0x000026dc                __sseek
 .text.__sclose
                0x000026fc        0x8 c:/program files (x86)/atmel/studio/7.0/toolchain/arm/arm-gnu-toolchain/bin/../lib/gcc/arm-none-eabi/6.3.1/../../../../arm-none-eabi/lib/thumb/v7e-m\libc.a(lib_a-stdio.o)
                0x000026fc                __sclose
 *fill*         0x00002704       0x3c 
 .text          0x00002740       0xdc c:/program files (x86)/atmel/studio/7.0/toolchain/arm/arm-gnu-toolchain/bin/../lib/gcc/arm-none-eabi/6.3.1/../../../../arm-none-eabi/lib/thumb/v7e-m\libc.a(lib_a-strlen.o)
                0x00002740                strlen
 .text._svfprintf_r
                0x0000281c     0x145c c:/program files (x86)/atmel/studio/7.0/toolchain/arm/arm-gnu-toolchain/bin/../lib/gcc/arm-none-eabi/6.3.1/../../../../arm-none-eabi/lib/thumb/v7e-m\libc.a(lib_a-svfprintf.o)
                0x0000281c                _svfprintf_r
 .text.__sprint_r.part.0
                0x00003c78       0x80 c:/program files (x86)/atmel/studio/7.0/toolchain/arm/arm-gnu-toolchain/bin/../lib/gcc/arm-none-eabi/6.3.1/../../../../arm-none-eabi/lib/thumb/v7e-m\libc.a(lib_a-vfiprintf.o)
 .text.__sprint_r
                0x00003cf8       0x14 c:/program files (x86)/atmel/studio/7.0/toolchain/arm/arm-gnu-toolchain/bin/../lib/gcc/arm-none-eabi/6.3.1/../../../../arm-none-eabi/lib/thumb/v7e-m\libc.a(lib_a-vfiprintf.o)
                0x00003cf8                __sprint_r
 .text._vfiprintf_r
                0x00003d0c      0xc90 c:/program files (x86)/atmel/studio/7.0/toolchain/arm/arm-gnu-toolchain/bin/../lib/gcc/arm-none-eabi/6.3.1/../../../../arm-none-eabi/lib/thumb/v7e-m\libc.a(lib_a-vfiprintf.o)
                0x00003d0c                _vfiprintf_r
 .text.__sbprintf
                0x0000499c       0x84 c:/program files (x86)/atmel/studio/7.0/toolchain/arm/arm-gnu-toolchain/bin/../lib/gcc/arm-none-eabi/6.3.1/../../../../arm-none-eabi/lib/thumb/v7e-m\libc.a(lib_a-vfiprintf.o)
 .text._vfprintf_r
                0x00004a20     0x1558 c:/program files (x86)/atmel/studio/7.0/toolchain/arm/arm-gnu-toolchain/bin/../lib/gcc/arm-none-eabi/6.3.1/../../../../arm-none-eabi/lib/thumb/v7e-m\libc.a(lib_a-vfprintf.o)
                0x00004a20                _vfprintf_r
 .text.__sbprintf
                0x00005f78       0x84 c:/program files (x86)/atmel/studio/7.0/toolchain/arm/arm-gnu-toolchain/bin/../lib/gcc/arm-none-eabi/6.3.1/../../../../arm-none-eabi/lib/thumb/v7e-m\libc.a(lib_a-vfprintf.o)
 .text._vsprintf_r
                0x00005ffc       0x34 c:/program files (x86)/atmel/studio/7.0/toolchain/arm/arm-gnu-toolchain/bin/../lib/gcc/arm-none-eabi/6.3.1/../../../../arm-none-eabi/lib/thumb/v7e-m\libc.a(lib_a-vsprintf.o)
                0x00005ffc                _vsprintf_r
 .text.vsprintf
                0x00006030       0x18 c:/program files (x86)/atmel/studio/7.0/toolchain/arm/arm-gnu-toolchain/bin/../lib/gcc/arm-none-eabi/6.3.1/../../../../arm-none-eabi/lib/thumb/v7e-m\libc.a(lib_a-vsprintf.o)
                0x00006030                vsprintf
 .text._write_r
                0x00006048       0x2c c:/program files (x86)/atmel/studio/7.0/toolchain/arm/arm-gnu-toolchain/bin/../lib/gcc/arm-none-eabi/6.3.1/../../../../arm-none-eabi/lib/thumb/v7e-m\libc.a(lib_a-writer.o)
                0x00006048                _write_r
 .text.__swsetup_r
                0x00006074       0xc8 c:/program files (x86)/atmel/studio/7.0/toolchain/arm/arm-gnu-toolchain/bin/../lib/gcc/arm-none-eabi/6.3.1/../../../../arm-none-eabi/lib/thumb/v7e-m\libc.a(lib_a-wsetup.o)
                0x00006074                __swsetup_r
 .text.__register_exitproc
                0x0000613c       0xc4 c:/program files (x86)/atmel/studio/7.0/toolchain/arm/arm-gnu-toolchain/bin/../lib/gcc/arm-none-eabi/6.3.1/../../../../arm-none-eabi/lib/thumb/v7e-m\libc.a(lib_a-__atexit.o)
                0x0000613c                __register_exitproc
 .text.startup.register_fini
                0x00006200       0x14 c:/program files (x86)/atmel/studio/7.0/toolchain/arm/arm-gnu-toolchain/bin/../lib/gcc/arm-none-eabi/6.3.1/../../../../arm-none-eabi/lib/thumb/v7e-m\libc.a(lib_a-__call_atexit.o)
 .text.abort    0x00006214       0x10 c:/program files (x86)/atmel/studio/7.0/toolchain/arm/arm-gnu-toolchain/bin/../lib/gcc/arm-none-eabi/6.3.1/../../../../arm-none-eabi/lib/thumb/v7e-m\libc.a(lib_a-abort.o)
                0x00006214                abort
 .text.atexit   0x00006224        0xc c:/program files (x86)/atmel/studio/7.0/toolchain/arm/arm-gnu-toolchain/bin/../lib/gcc/arm-none-eabi/6.3.1/../../../../arm-none-eabi/lib/thumb/v7e-m\libc.a(lib_a-atexit.o)
                0x00006224                atexit
 .text._close_r
                0x00006230       0x24 c:/program files (x86)/atmel/studio/7.0/toolchain/arm/arm-gnu-toolchain/bin/../lib/gcc/arm-none-eabi/6.3.1/../../../../arm-none-eabi/lib/thumb/v7e-m\libc.a(lib_a-closer.o)
                0x00006230                _close_r
 .text.quorem   0x00006254      0x128 c:/program files (x86)/atmel/studio/7.0/toolchain/arm/arm-gnu-toolchain/bin/../lib/gcc/arm-none-eabi/6.3.1/../../../../arm-none-eabi/lib/thumb/v7e-m\libc.a(lib_a-dtoa.o)
 *fill*         0x0000637c        0x4 
 .text._dtoa_r  0x00006380      0xe54 c:/program files (x86)/atmel/studio/7.0/toolchain/arm/arm-gnu-toolchain/bin/../lib/gcc/arm-none-eabi/6.3.1/../../../../arm-none-eabi/lib/thumb/v7e-m\libc.a(lib_a-dtoa.o)
                0x00006380                _dtoa_r
 .text.__sflush_r
                0x000071d4      0x140 c:/program files (x86)/atmel/studio/7.0/toolchain/arm/arm-gnu-toolchain/bin/../lib/gcc/arm-none-eabi/6.3.1/../../../../arm-none-eabi/lib/thumb/v7e-m\libc.a(lib_a-fflush.o)
                0x000071d4                __sflush_r
 .text._fflush_r
                0x00007314       0x54 c:/program files (x86)/atmel/studio/7.0/toolchain/arm/arm-gnu-toolchain/bin/../lib/gcc/arm-none-eabi/6.3.1/../../../../arm-none-eabi/lib/thumb/v7e-m\libc.a(lib_a-fflush.o)
                0x00007314                _fflush_r
 .text._cleanup_r
                0x00007368        0xc c:/program files (x86)/atmel/studio/7.0/toolchain/arm/arm-gnu-toolchain/bin/../lib/gcc/arm-none-eabi/6.3.1/../../../../arm-none-eabi/lib/thumb/v7e-m\libc.a(lib_a-findfp.o)
                0x00007368                _cleanup_r
 .text.std.isra.0
                0x00007374       0x50 c:/program files (x86)/atmel/studio/7.0/toolchain/arm/arm-gnu-toolchain/bin/../lib/gcc/arm-none-eabi/6.3.1/../../../../arm-none-eabi/lib/thumb/v7e-m\libc.a(lib_a-findfp.o)
 .text.__sinit  0x000073c4       0x58 c:/program files (x86)/atmel/studio/7.0/toolchain/arm/arm-gnu-toolchain/bin/../lib/gcc/arm-none-eabi/6.3.1/../../../../arm-none-eabi/lib/thumb/v7e-m\libc.a(lib_a-findfp.o)
                0x000073c4                __sinit
 .text.__sfp_lock_acquire
                0x0000741c        0xc c:/program files (x86)/atmel/studio/7.0/toolchain/arm/arm-gnu-toolchain/bin/../lib/gcc/arm-none-eabi/6.3.1/../../../../arm-none-eabi/lib/thumb/v7e-m\libc.a(lib_a-findfp.o)
                0x0000741c                __sfp_lock_acquire
 .text.__sfp_lock_release
                0x00007428        0xc c:/program files (x86)/atmel/studio/7.0/toolchain/arm/arm-gnu-toolchain/bin/../lib/gcc/arm-none-eabi/6.3.1/../../../../arm-none-eabi/lib/thumb/v7e-m\libc.a(lib_a-findfp.o)
                0x00007428                __sfp_lock_release
 .text.__libc_fini_array
                0x00007434       0x34 c:/program files (x86)/atmel/studio/7.0/toolchain/arm/arm-gnu-toolchain/bin/../lib/gcc/arm-none-eabi/6.3.1/../../../../arm-none-eabi/lib/thumb/v7e-m\libc.a(lib_a-fini.o)
                0x00007434                __libc_fini_array
 .text.__fputwc
                0x00007468       0xa0 c:/program files (x86)/atmel/studio/7.0/toolchain/arm/arm-gnu-toolchain/bin/../lib/gcc/arm-none-eabi/6.3.1/../../../../arm-none-eabi/lib/thumb/v7e-m\libc.a(lib_a-fputwc.o)
                0x00007468                __fputwc
 .text._fputwc_r
                0x00007508       0x68 c:/program files (x86)/atmel/studio/7.0/toolchain/arm/arm-gnu-toolchain/bin/../lib/gcc/arm-none-eabi/6.3.1/../../../../arm-none-eabi/lib/thumb/v7e-m\libc.a(lib_a-fputwc.o)
                0x00007508                _fputwc_r
 .text._malloc_trim_r
                0x00007570       0xa0 c:/program files (x86)/atmel/studio/7.0/toolchain/arm/arm-gnu-toolchain/bin/../lib/gcc/arm-none-eabi/6.3.1/../../../../arm-none-eabi/lib/thumb/v7e-m\libc.a(lib_a-freer.o)
                0x00007570                _malloc_trim_r
 .text._free_r  0x00007610      0x1cc c:/program files (x86)/atmel/studio/7.0/toolchain/arm/arm-gnu-toolchain/bin/../lib/gcc/arm-none-eabi/6.3.1/../../../../arm-none-eabi/lib/thumb/v7e-m\libc.a(lib_a-freer.o)
                0x00007610                _free_r
 .text.__sfvwrite_r
                0x000077dc      0x2f0 c:/program files (x86)/atmel/studio/7.0/toolchain/arm/arm-gnu-toolchain/bin/../lib/gcc/arm-none-eabi/6.3.1/../../../../arm-none-eabi/lib/thumb/v7e-m\libc.a(lib_a-fvwrite.o)
                0x000077dc                __sfvwrite_r
 .text._fwalk_reent
                0x00007acc       0x54 c:/program files (x86)/atmel/studio/7.0/toolchain/arm/arm-gnu-toolchain/bin/../lib/gcc/arm-none-eabi/6.3.1/../../../../arm-none-eabi/lib/thumb/v7e-m\libc.a(lib_a-fwalk.o)
                0x00007acc                _fwalk_reent
 .text.__locale_mb_cur_max
                0x00007b20       0x1c c:/program files (x86)/atmel/studio/7.0/toolchain/arm/arm-gnu-toolchain/bin/../lib/gcc/arm-none-eabi/6.3.1/../../../../arm-none-eabi/lib/thumb/v7e-m\libc.a(lib_a-locale.o)
                0x00007b20                __locale_mb_cur_max
 .text._localeconv_r
                0x00007b3c       0x1c c:/program files (x86)/atmel/studio/7.0/toolchain/arm/arm-gnu-toolchain/bin/../lib/gcc/arm-none-eabi/6.3.1/../../../../arm-none-eabi/lib/thumb/v7e-m\libc.a(lib_a-localeconv.o)
                0x00007b3c                _localeconv_r
 .text.__retarget_lock_init_recursive
                0x00007b58        0x4 c:/program files (x86)/atmel/studio/7.0/toolchain/arm/arm-gnu-toolchain/bin/../lib/gcc/arm-none-eabi/6.3.1/../../../../arm-none-eabi/lib/thumb/v7e-m\libc.a(lib_a-lock.o)
                0x00007b58                __retarget_lock_init_recursive
 .text.__retarget_lock_close_recursive
                0x00007b5c        0x4 c:/program files (x86)/atmel/studio/7.0/toolchain/arm/arm-gnu-toolchain/bin/../lib/gcc/arm-none-eabi/6.3.1/../../../../arm-none-eabi/lib/thumb/v7e-m\libc.a(lib_a-lock.o)
                0x00007b5c                __retarget_lock_close_recursive
 .text.__retarget_lock_acquire_recursive
                0x00007b60        0x4 c:/program files (x86)/atmel/studio/7.0/toolchain/arm/arm-gnu-toolchain/bin/../lib/gcc/arm-none-eabi/6.3.1/../../../../arm-none-eabi/lib/thumb/v7e-m\libc.a(lib_a-lock.o)
                0x00007b60                __retarget_lock_acquire_recursive
 .text.__retarget_lock_release_recursive
                0x00007b64        0x4 c:/program files (x86)/atmel/studio/7.0/toolchain/arm/arm-gnu-toolchain/bin/../lib/gcc/arm-none-eabi/6.3.1/../../../../arm-none-eabi/lib/thumb/v7e-m\libc.a(lib_a-lock.o)
                0x00007b64                __retarget_lock_release_recursive
 .text._lseek_r
                0x00007b68       0x2c c:/program files (x86)/atmel/studio/7.0/toolchain/arm/arm-gnu-toolchain/bin/../lib/gcc/arm-none-eabi/6.3.1/../../../../arm-none-eabi/lib/thumb/v7e-m\libc.a(lib_a-lseekr.o)
                0x00007b68                _lseek_r
 .text.__swhatbuf_r
                0x00007b94       0x5c c:/program files (x86)/atmel/studio/7.0/toolchain/arm/arm-gnu-toolchain/bin/../lib/gcc/arm-none-eabi/6.3.1/../../../../arm-none-eabi/lib/thumb/v7e-m\libc.a(lib_a-makebuf.o)
                0x00007b94                __swhatbuf_r
 .text.__smakebuf_r
                0x00007bf0       0x94 c:/program files (x86)/atmel/studio/7.0/toolchain/arm/arm-gnu-toolchain/bin/../lib/gcc/arm-none-eabi/6.3.1/../../../../arm-none-eabi/lib/thumb/v7e-m\libc.a(lib_a-makebuf.o)
                0x00007bf0                __smakebuf_r
 .text._malloc_r
                0x00007c84      0x560 c:/program files (x86)/atmel/studio/7.0/toolchain/arm/arm-gnu-toolchain/bin/../lib/gcc/arm-none-eabi/6.3.1/../../../../arm-none-eabi/lib/thumb/v7e-m\libc.a(lib_a-mallocr.o)
                0x00007c84                _malloc_r
 .text.__ascii_mbtowc
                0x000081e4       0x2c c:/program files (x86)/atmel/studio/7.0/toolchain/arm/arm-gnu-toolchain/bin/../lib/gcc/arm-none-eabi/6.3.1/../../../../arm-none-eabi/lib/thumb/v7e-m\libc.a(lib_a-mbtowc_r.o)
                0x000081e4                __ascii_mbtowc
 .text          0x00008210       0xa0 c:/program files (x86)/atmel/studio/7.0/toolchain/arm/arm-gnu-toolchain/bin/../lib/gcc/arm-none-eabi/6.3.1/../../../../arm-none-eabi/lib/thumb/v7e-m\libc.a(lib_a-memchr.o)
                0x00008210                memchr
 .text          0x000082b0      0x134 c:/program files (x86)/atmel/studio/7.0/toolchain/arm/arm-gnu-toolchain/bin/../lib/gcc/arm-none-eabi/6.3.1/../../../../arm-none-eabi/lib/thumb/v7e-m\libc.a(lib_a-memcpy.o)
                0x000082b0                memcpy
 .text.memmove  0x000083e4       0xc8 c:/program files (x86)/atmel/studio/7.0/toolchain/arm/arm-gnu-toolchain/bin/../lib/gcc/arm-none-eabi/6.3.1/../../../../arm-none-eabi/lib/thumb/v7e-m\libc.a(lib_a-memmove.o)
                0x000083e4                memmove
 .text.__malloc_lock
                0x000084ac        0xc c:/program files (x86)/atmel/studio/7.0/toolchain/arm/arm-gnu-toolchain/bin/../lib/gcc/arm-none-eabi/6.3.1/../../../../arm-none-eabi/lib/thumb/v7e-m\libc.a(lib_a-mlock.o)
                0x000084ac                __malloc_lock
 .text.__malloc_unlock
                0x000084b8        0xc c:/program files (x86)/atmel/studio/7.0/toolchain/arm/arm-gnu-toolchain/bin/../lib/gcc/arm-none-eabi/6.3.1/../../../../arm-none-eabi/lib/thumb/v7e-m\libc.a(lib_a-mlock.o)
                0x000084b8                __malloc_unlock
 .text._Balloc  0x000084c4       0x4c c:/program files (x86)/atmel/studio/7.0/toolchain/arm/arm-gnu-toolchain/bin/../lib/gcc/arm-none-eabi/6.3.1/../../../../arm-none-eabi/lib/thumb/v7e-m\libc.a(lib_a-mprec.o)
                0x000084c4                _Balloc
 .text._Bfree   0x00008510       0x14 c:/program files (x86)/atmel/studio/7.0/toolchain/arm/arm-gnu-toolchain/bin/../lib/gcc/arm-none-eabi/6.3.1/../../../../arm-none-eabi/lib/thumb/v7e-m\libc.a(lib_a-mprec.o)
                0x00008510                _Bfree
 .text.__multadd
                0x00008524       0x80 c:/program files (x86)/atmel/studio/7.0/toolchain/arm/arm-gnu-toolchain/bin/../lib/gcc/arm-none-eabi/6.3.1/../../../../arm-none-eabi/lib/thumb/v7e-m\libc.a(lib_a-mprec.o)
                0x00008524                __multadd
 .text.__hi0bits
                0x000085a4       0x40 c:/program files (x86)/atmel/studio/7.0/toolchain/arm/arm-gnu-toolchain/bin/../lib/gcc/arm-none-eabi/6.3.1/../../../../arm-none-eabi/lib/thumb/v7e-m\libc.a(lib_a-mprec.o)
                0x000085a4                __hi0bits
 .text.__lo0bits
                0x000085e4       0x60 c:/program files (x86)/atmel/studio/7.0/toolchain/arm/arm-gnu-toolchain/bin/../lib/gcc/arm-none-eabi/6.3.1/../../../../arm-none-eabi/lib/thumb/v7e-m\libc.a(lib_a-mprec.o)
                0x000085e4                __lo0bits
 .text.__i2b    0x00008644       0x14 c:/program files (x86)/atmel/studio/7.0/toolchain/arm/arm-gnu-toolchain/bin/../lib/gcc/arm-none-eabi/6.3.1/../../../../arm-none-eabi/lib/thumb/v7e-m\libc.a(lib_a-mprec.o)
                0x00008644                __i2b
 .text.__multiply
                0x00008658      0x124 c:/program files (x86)/atmel/studio/7.0/toolchain/arm/arm-gnu-toolchain/bin/../lib/gcc/arm-none-eabi/6.3.1/../../../../arm-none-eabi/lib/thumb/v7e-m\libc.a(lib_a-mprec.o)
                0x00008658                __multiply
 .text.__pow5mult
                0x0000877c       0xa0 c:/program files (x86)/atmel/studio/7.0/toolchain/arm/arm-gnu-toolchain/bin/../lib/gcc/arm-none-eabi/6.3.1/../../../../arm-none-eabi/lib/thumb/v7e-m\libc.a(lib_a-mprec.o)
                0x0000877c                __pow5mult
 .text.__lshift
                0x0000881c       0xa4 c:/program files (x86)/atmel/studio/7.0/toolchain/arm/arm-gnu-toolchain/bin/../lib/gcc/arm-none-eabi/6.3.1/../../../../arm-none-eabi/lib/thumb/v7e-m\libc.a(lib_a-mprec.o)
                0x0000881c                __lshift
 .text.__mcmp   0x000088c0       0x38 c:/program files (x86)/atmel/studio/7.0/toolchain/arm/arm-gnu-toolchain/bin/../lib/gcc/arm-none-eabi/6.3.1/../../../../arm-none-eabi/lib/thumb/v7e-m\libc.a(lib_a-mprec.o)
                0x000088c0                __mcmp
 .text.__mdiff  0x000088f8      0x108 c:/program files (x86)/atmel/studio/7.0/toolchain/arm/arm-gnu-toolchain/bin/../lib/gcc/arm-none-eabi/6.3.1/../../../../arm-none-eabi/lib/thumb/v7e-m\libc.a(lib_a-mprec.o)
                0x000088f8                __mdiff
 .text.__d2b    0x00008a00       0xb8 c:/program files (x86)/atmel/studio/7.0/toolchain/arm/arm-gnu-toolchain/bin/../lib/gcc/arm-none-eabi/6.3.1/../../../../arm-none-eabi/lib/thumb/v7e-m\libc.a(lib_a-mprec.o)
                0x00008a00                __d2b
 .text._read_r  0x00008ab8       0x2c c:/program files (x86)/atmel/studio/7.0/toolchain/arm/arm-gnu-toolchain/bin/../lib/gcc/arm-none-eabi/6.3.1/../../../../arm-none-eabi/lib/thumb/v7e-m\libc.a(lib_a-readr.o)
                0x00008ab8                _read_r
 .text._realloc_r
                0x00008ae4      0x34c c:/program files (x86)/atmel/studio/7.0/toolchain/arm/arm-gnu-toolchain/bin/../lib/gcc/arm-none-eabi/6.3.1/../../../../arm-none-eabi/lib/thumb/v7e-m\libc.a(lib_a-reallocr.o)
                0x00008ae4                _realloc_r
 .text._sbrk_r  0x00008e30       0x24 c:/program files (x86)/atmel/studio/7.0/toolchain/arm/arm-gnu-toolchain/bin/../lib/gcc/arm-none-eabi/6.3.1/../../../../arm-none-eabi/lib/thumb/v7e-m\libc.a(lib_a-sbrkr.o)
                0x00008e30                _sbrk_r
 .text._raise_r
                0x00008e54       0x60 c:/program files (x86)/atmel/studio/7.0/toolchain/arm/arm-gnu-toolchain/bin/../lib/gcc/arm-none-eabi/6.3.1/../../../../arm-none-eabi/lib/thumb/v7e-m\libc.a(lib_a-signal.o)
                0x00008e54                _raise_r
 .text.raise    0x00008eb4       0x10 c:/program files (x86)/atmel/studio/7.0/toolchain/arm/arm-gnu-toolchain/bin/../lib/gcc/arm-none-eabi/6.3.1/../../../../arm-none-eabi/lib/thumb/v7e-m\libc.a(lib_a-signal.o)
                0x00008eb4                raise
 .text._kill_r  0x00008ec4       0x28 c:/program files (x86)/atmel/studio/7.0/toolchain/arm/arm-gnu-toolchain/bin/../lib/gcc/arm-none-eabi/6.3.1/../../../../arm-none-eabi/lib/thumb/v7e-m\libc.a(lib_a-signalr.o)
                0x00008ec4                _kill_r
 .text._getpid_r
                0x00008eec        0x4 c:/program files (x86)/atmel/studio/7.0/toolchain/arm/arm-gnu-toolchain/bin/../lib/gcc/arm-none-eabi/6.3.1/../../../../arm-none-eabi/lib/thumb/v7e-m\libc.a(lib_a-signalr.o)
                0x00008eec                _getpid_r
 .text.__ssprint_r
                0x00008ef0       0xfc c:/program files (x86)/atmel/studio/7.0/toolchain/arm/arm-gnu-toolchain/bin/../lib/gcc/arm-none-eabi/6.3.1/../../../../arm-none-eabi/lib/thumb/v7e-m\libc.a(lib_a-svfiprintf.o)
                0x00008ef0                __ssprint_r
 .text.__swbuf_r
                0x00008fec       0xb0 c:/program files (x86)/atmel/studio/7.0/toolchain/arm/arm-gnu-toolchain/bin/../lib/gcc/arm-none-eabi/6.3.1/../../../../arm-none-eabi/lib/thumb/v7e-m\libc.a(lib_a-wbuf.o)
                0x00008fec                __swbuf_r
 .text._wcrtomb_r
                0x0000909c       0x54 c:/program files (x86)/atmel/studio/7.0/toolchain/arm/arm-gnu-toolchain/bin/../lib/gcc/arm-none-eabi/6.3.1/../../../../arm-none-eabi/lib/thumb/v7e-m\libc.a(lib_a-wcrtomb.o)
                0x0000909c                _wcrtomb_r
 .text.__ascii_wctomb
                0x000090f0       0x1c c:/program files (x86)/atmel/studio/7.0/toolchain/arm/arm-gnu-toolchain/bin/../lib/gcc/arm-none-eabi/6.3.1/../../../../arm-none-eabi/lib/thumb/v7e-m\libc.a(lib_a-wctomb_r.o)
                0x000090f0                __ascii_wctomb
 .text._calloc_r
                0x0000910c       0x60 c:/program files (x86)/atmel/studio/7.0/toolchain/arm/arm-gnu-toolchain/bin/../lib/gcc/arm-none-eabi/6.3.1/../../../../arm-none-eabi/lib/thumb/v7e-m\libc.a(lib_a-callocr.o)
                0x0000910c                _calloc_r
 .text._fclose_r
                0x0000916c       0xc4 c:/program files (x86)/atmel/studio/7.0/toolchain/arm/arm-gnu-toolchain/bin/../lib/gcc/arm-none-eabi/6.3.1/../../../../arm-none-eabi/lib/thumb/v7e-m\libc.a(lib_a-fclose.o)
                0x0000916c                _fclose_r
 .text._fstat_r
                0x00009230       0x28 c:/program files (x86)/atmel/studio/7.0/toolchain/arm/arm-gnu-toolchain/bin/../lib/gcc/arm-none-eabi/6.3.1/../../../../arm-none-eabi/lib/thumb/v7e-m\libc.a(lib_a-fstatr.o)
                0x00009230                _fstat_r
 .text._isatty_r
                0x00009258       0x24 c:/program files (x86)/atmel/studio/7.0/toolchain/arm/arm-gnu-toolchain/bin/../lib/gcc/arm-none-eabi/6.3.1/../../../../arm-none-eabi/lib/thumb/v7e-m\libc.a(lib_a-isattyr.o)
                0x00009258                _isatty_r
 .text          0x0000927c       0x2c c:/program files (x86)/atmel/studio/7.0/toolchain/arm/arm-gnu-toolchain/bin/../lib/gcc/arm-none-eabi/6.3.1/thumb/v7e-m\libgcc.a(_arm_unorddf2.o)
                0x0000927c                __unorddf2
                0x0000927c                __aeabi_dcmpun
 .text          0x000092a8       0x30 c:/program files (x86)/atmel/studio/7.0/toolchain/arm/arm-gnu-toolchain/bin/../lib/gcc/arm-none-eabi/6.3.1/thumb/v7e-m\libgcc.a(_aeabi_uldivmod.o)
                0x000092a8                __aeabi_uldivmod
 .text          0x000092d8      0x2dc c:/program files (x86)/atmel/studio/7.0/toolchain/arm/arm-gnu-toolchain/bin/../lib/gcc/arm-none-eabi/6.3.1/thumb/v7e-m\libgcc.a(_udivmoddi4.o)
                0x000092d8                __udivmoddi4
 .text          0x000095b4        0x4 c:/program files (x86)/atmel/studio/7.0/toolchain/arm/arm-gnu-toolchain/bin/../lib/gcc/arm-none-eabi/6.3.1/thumb/v7e-m\libgcc.a(_dvmd_tls.o)
                0x000095b4                __aeabi_idiv0
                0x000095b4                __aeabi_ldiv0
 *(.glue_7t)
 .glue_7t       0x000095b8        0x0 linker stubs
 *(.glue_7)
 .glue_7        0x000095b8        0x0 linker stubs
 *(.rodata .rodata* .gnu.linkonce.r.*)
 .rodata.str1.4
                0x000095b8        0x4 CAds1115.o
 .rodata        0x000095bc      0x3c0 CI2c.o
 .rodata        0x0000997c      0x3c0 CPinPeripheral.o
 .rodata        0x00009d3c      0x3f4 Cpwm.o
                0x0000a0fc                GCLK_CLKCTRL_IDs
 .rodata        0x0000a130      0x40c CSpi.o
 .rodata.str1.4
                0x0000a53c       0x22 CSpi.o
 *fill*         0x0000a55e        0x2 
 .rodata        0x0000a560      0x3c0 CUart.o
 .rodata.str1.4
                0x0000a920       0x19 Device_Startup/syscalls.o
 *fill*         0x0000a939        0x3 
 .rodata.str1.4
                0x0000a93c        0x6 main.o
 *fill*         0x0000a942        0x2 
 .rodata        0x0000a944       0x60 MSercom.o
 .rodata.__assert_func.str1.4
                0x0000a9a4       0x3f c:/program files (x86)/atmel/studio/7.0/toolchain/arm/arm-gnu-toolchain/bin/../lib/gcc/arm-none-eabi/6.3.1/../../../../arm-none-eabi/lib/thumb/v7e-m\libc.a(lib_a-assert.o)
                                 0x43 (size before relaxing)
 *fill*         0x0000a9e3        0x1 
 .rodata._global_impure_ptr
                0x0000a9e4        0x4 c:/program files (x86)/atmel/studio/7.0/toolchain/arm/arm-gnu-toolchain/bin/../lib/gcc/arm-none-eabi/6.3.1/../../../../arm-none-eabi/lib/thumb/v7e-m\libc.a(lib_a-impure.o)
                0x0000a9e4                _global_impure_ptr
 .rodata._svfprintf_r.str1.4
                0x0000a9e8       0x42 c:/program files (x86)/atmel/studio/7.0/toolchain/arm/arm-gnu-toolchain/bin/../lib/gcc/arm-none-eabi/6.3.1/../../../../arm-none-eabi/lib/thumb/v7e-m\libc.a(lib_a-svfprintf.o)
 *fill*         0x0000aa2a        0x2 
 .rodata.blanks.7223
                0x0000aa2c       0x10 c:/program files (x86)/atmel/studio/7.0/toolchain/arm/arm-gnu-toolchain/bin/../lib/gcc/arm-none-eabi/6.3.1/../../../../arm-none-eabi/lib/thumb/v7e-m\libc.a(lib_a-svfprintf.o)
 .rodata.zeroes.7224
                0x0000aa3c       0x10 c:/program files (x86)/atmel/studio/7.0/toolchain/arm/arm-gnu-toolchain/bin/../lib/gcc/arm-none-eabi/6.3.1/../../../../arm-none-eabi/lib/thumb/v7e-m\libc.a(lib_a-svfprintf.o)
 .rodata._vfiprintf_r.str1.4
                0x0000aa4c       0x2f c:/program files (x86)/atmel/studio/7.0/toolchain/arm/arm-gnu-toolchain/bin/../lib/gcc/arm-none-eabi/6.3.1/../../../../arm-none-eabi/lib/thumb/v7e-m\libc.a(lib_a-vfiprintf.o)
 .rodata.blanks.7217
                0x0000aa4c       0x10 c:/program files (x86)/atmel/studio/7.0/toolchain/arm/arm-gnu-toolchain/bin/../lib/gcc/arm-none-eabi/6.3.1/../../../../arm-none-eabi/lib/thumb/v7e-m\libc.a(lib_a-vfiprintf.o)
 .rodata.zeroes.7218
                0x0000aa5c       0x10 c:/program files (x86)/atmel/studio/7.0/toolchain/arm/arm-gnu-toolchain/bin/../lib/gcc/arm-none-eabi/6.3.1/../../../../arm-none-eabi/lib/thumb/v7e-m\libc.a(lib_a-vfiprintf.o)
 .rodata._vfprintf_r.str1.4
                0x0000aa6c       0x42 c:/program files (x86)/atmel/studio/7.0/toolchain/arm/arm-gnu-toolchain/bin/../lib/gcc/arm-none-eabi/6.3.1/../../../../arm-none-eabi/lib/thumb/v7e-m\libc.a(lib_a-vfprintf.o)
 .rodata.blanks.7238
                0x0000aa6c       0x10 c:/program files (x86)/atmel/studio/7.0/toolchain/arm/arm-gnu-toolchain/bin/../lib/gcc/arm-none-eabi/6.3.1/../../../../arm-none-eabi/lib/thumb/v7e-m\libc.a(lib_a-vfprintf.o)
 .rodata.zeroes.7239
                0x0000aa7c       0x10 c:/program files (x86)/atmel/studio/7.0/toolchain/arm/arm-gnu-toolchain/bin/../lib/gcc/arm-none-eabi/6.3.1/../../../../arm-none-eabi/lib/thumb/v7e-m\libc.a(lib_a-vfprintf.o)
 .rodata._dtoa_r.str1.4
                0x0000aa8c       0x10 c:/program files (x86)/atmel/studio/7.0/toolchain/arm/arm-gnu-toolchain/bin/../lib/gcc/arm-none-eabi/6.3.1/../../../../arm-none-eabi/lib/thumb/v7e-m\libc.a(lib_a-dtoa.o)
                                 0x12 (size before relaxing)
 .rodata._setlocale_r.str1.4
                0x0000aa9c        0xa c:/program files (x86)/atmel/studio/7.0/toolchain/arm/arm-gnu-toolchain/bin/../lib/gcc/arm-none-eabi/6.3.1/../../../../arm-none-eabi/lib/thumb/v7e-m\libc.a(lib_a-locale.o)
                                  0xd (size before relaxing)
 *fill*         0x0000aaa6        0x2 
 .rodata.str1.4
                0x0000aaa8        0x4 c:/program files (x86)/atmel/studio/7.0/toolchain/arm/arm-gnu-toolchain/bin/../lib/gcc/arm-none-eabi/6.3.1/../../../../arm-none-eabi/lib/thumb/v7e-m\libc.a(lib_a-locale.o)
                                  0x2 (size before relaxing)
 *fill*         0x0000aaac        0x4 
 .rodata.__mprec_bigtens
                0x0000aab0       0x28 c:/program files (x86)/atmel/studio/7.0/toolchain/arm/arm-gnu-toolchain/bin/../lib/gcc/arm-none-eabi/6.3.1/../../../../arm-none-eabi/lib/thumb/v7e-m\libc.a(lib_a-mprec.o)
                0x0000aab0                __mprec_bigtens
 .rodata.__mprec_tens
                0x0000aad8       0xc8 c:/program files (x86)/atmel/studio/7.0/toolchain/arm/arm-gnu-toolchain/bin/../lib/gcc/arm-none-eabi/6.3.1/../../../../arm-none-eabi/lib/thumb/v7e-m\libc.a(lib_a-mprec.o)
                0x0000aad8                __mprec_tens
 .rodata.p05.6055
                0x0000aba0        0xc c:/program files (x86)/atmel/studio/7.0/toolchain/arm/arm-gnu-toolchain/bin/../lib/gcc/arm-none-eabi/6.3.1/../../../../arm-none-eabi/lib/thumb/v7e-m\libc.a(lib_a-mprec.o)
 .rodata._ctype_
                0x0000abac      0x101 c:/program files (x86)/atmel/studio/7.0/toolchain/arm/arm-gnu-toolchain/bin/../lib/gcc/arm-none-eabi/6.3.1/../../../../arm-none-eabi/lib/thumb/v7e-m\libc.a(lib_a-ctype_.o)
                0x0000abac                _ctype_
 *(.ARM.extab* .gnu.linkonce.armextab.*)
                0x0000acb0                . = ALIGN (0x4)
 *fill*         0x0000acad        0x3 
 *(.init)
 .init          0x0000acb0        0x4 c:/program files (x86)/atmel/studio/7.0/toolchain/arm/arm-gnu-toolchain/bin/../lib/gcc/arm-none-eabi/6.3.1/thumb/v7e-m/crti.o
                0x0000acb0                _init
 .init          0x0000acb4        0x8 c:/program files (x86)/atmel/studio/7.0/toolchain/arm/arm-gnu-toolchain/bin/../lib/gcc/arm-none-eabi/6.3.1/thumb/v7e-m/crtn.o
                0x0000acbc                . = ALIGN (0x4)
                0x0000acbc                __preinit_array_start = .
 *(.preinit_array)
                0x0000acbc                __preinit_array_end = .
                0x0000acbc                . = ALIGN (0x4)
                0x0000acbc                __init_array_start = .
 *(SORT(.init_array.*))
 .init_array.00000
                0x0000acbc        0x4 c:/program files (x86)/atmel/studio/7.0/toolchain/arm/arm-gnu-toolchain/bin/../lib/gcc/arm-none-eabi/6.3.1/../../../../arm-none-eabi/lib/thumb/v7e-m\libc.a(lib_a-__call_atexit.o)
 *(.init_array)
 .init_array    0x0000acc0        0x4 c:/program files (x86)/atmel/studio/7.0/toolchain/arm/arm-gnu-toolchain/bin/../lib/gcc/arm-none-eabi/6.3.1/thumb/v7e-m/crtbegin.o
 .init_array    0x0000acc4        0x4 Cpwm.o
 .init_array    0x0000acc8        0x4 CSpi.o
 .init_array    0x0000accc        0x4 CZumo.o
 .init_array    0x0000acd0        0x4 main.o
                0x0000acd4                __init_array_end = .
                0x0000acd4                . = ALIGN (0x4)
 *crtbegin.o(.ctors)
 *(EXCLUDE_FILE(*crtend.o) .ctors)
 *(SORT(.ctors.*))
 *crtend.o(.ctors)
                0x0000acd4                . = ALIGN (0x4)
 *(.fini)
 .fini          0x0000acd4        0x4 c:/program files (x86)/atmel/studio/7.0/toolchain/arm/arm-gnu-toolchain/bin/../lib/gcc/arm-none-eabi/6.3.1/thumb/v7e-m/crti.o
                0x0000acd4                _fini
 .fini          0x0000acd8        0x8 c:/program files (x86)/atmel/studio/7.0/toolchain/arm/arm-gnu-toolchain/bin/../lib/gcc/arm-none-eabi/6.3.1/thumb/v7e-m/crtn.o
                0x0000ace0                . = ALIGN (0x4)
                0x0000ace0                __fini_array_start = .
 *(.fini_array)
 .fini_array    0x0000ace0        0x4 c:/program files (x86)/atmel/studio/7.0/toolchain/arm/arm-gnu-toolchain/bin/../lib/gcc/arm-none-eabi/6.3.1/thumb/v7e-m/crtbegin.o
 *(SORT(.fini_array.*))
                0x0000ace4                __fini_array_end = .
 *crtbegin.o(.dtors)
 *(EXCLUDE_FILE(*crtend.o) .dtors)
 *(SORT(.dtors.*))
 *crtend.o(.dtors)
                0x0000ace4                . = ALIGN (0x4)
                0x0000ace4                _efixed = .
                [!provide]                PROVIDE (__exidx_start, .)

.vfp11_veneer   0x0000ace4        0x0
 .vfp11_veneer  0x0000ace4        0x0 linker stubs

.v4_bx          0x0000ace4        0x0
 .v4_bx         0x0000ace4        0x0 linker stubs

.iplt           0x0000ace4        0x0
 .iplt          0x0000ace4        0x0 c:/program files (x86)/atmel/studio/7.0/toolchain/arm/arm-gnu-toolchain/bin/../lib/gcc/arm-none-eabi/6.3.1/thumb/v7e-m/crtbegin.o

.ARM.exidx      0x0000ace4        0x8
 *(.ARM.exidx* .gnu.linkonce.armexidx.*)
 .ARM.exidx.text.__aeabi_atexit
                0x0000ace4        0x8 c:/program files (x86)/atmel/studio/7.0/toolchain/arm/arm-gnu-toolchain/bin/../lib/gcc/arm-none-eabi/6.3.1/../../../../arm-none-eabi/lib/thumb/v7e-m\libstdc++.a(atexit_arm.o)
 .ARM.exidx     0x0000acec        0x0 c:/program files (x86)/atmel/studio/7.0/toolchain/arm/arm-gnu-toolchain/bin/../lib/gcc/arm-none-eabi/6.3.1/thumb/v7e-m\libgcc.a(_udivmoddi4.o)
                                  0x8 (size before relaxing)
                [!provide]                PROVIDE (__exidx_end, .)

.eh_frame       0x0000acec        0x0
 .eh_frame      0x0000acec        0x0 c:/program files (x86)/atmel/studio/7.0/toolchain/arm/arm-gnu-toolchain/bin/../lib/gcc/arm-none-eabi/6.3.1/thumb/v7e-m/crtbegin.o

.rel.dyn        0x0000acec        0x0
 .rel.iplt      0x0000acec        0x0 c:/program files (x86)/atmel/studio/7.0/toolchain/arm/arm-gnu-toolchain/bin/../lib/gcc/arm-none-eabi/6.3.1/thumb/v7e-m/crtbegin.o

.jcr            0x0000acec        0x0
 .jcr           0x0000acec        0x0 c:/program files (x86)/atmel/studio/7.0/toolchain/arm/arm-gnu-toolchain/bin/../lib/gcc/arm-none-eabi/6.3.1/thumb/v7e-m/crtbegin.o

.igot.plt       0x0000acec        0x0
 .igot.plt      0x0000acec        0x0 c:/program files (x86)/atmel/studio/7.0/toolchain/arm/arm-gnu-toolchain/bin/../lib/gcc/arm-none-eabi/6.3.1/thumb/v7e-m/crtbegin.o
                0x0000acec                . = ALIGN (0x4)
                0x0000acec                _etext = .

.relocate       0x20000000      0x9e8 load address 0x0000acec
                0x20000000                . = ALIGN (0x4)
                0x20000000                _srelocate = .
 *(.ramfunc .ramfunc.*)
 *(.data .data.*)
 .data          0x20000000        0x4 c:/program files (x86)/atmel/studio/7.0/toolchain/arm/arm-gnu-toolchain/bin/../lib/gcc/arm-none-eabi/6.3.1/thumb/v7e-m/crtbegin.o
                0x20000000                __dso_handle
 .data          0x20000004       0x34 Cpwm.o
                0x20000004                g_apTCInstances
 .data          0x20000038        0x4 Device_Startup/system_samd51.o
                0x20000038                SystemCoreClock
 .data._impure_ptr
                0x2000003c        0x4 c:/program files (x86)/atmel/studio/7.0/toolchain/arm/arm-gnu-toolchain/bin/../lib/gcc/arm-none-eabi/6.3.1/../../../../arm-none-eabi/lib/thumb/v7e-m\libc.a(lib_a-impure.o)
                0x2000003c                _impure_ptr
 .data.impure_data
                0x20000040      0x428 c:/program files (x86)/atmel/studio/7.0/toolchain/arm/arm-gnu-toolchain/bin/../lib/gcc/arm-none-eabi/6.3.1/../../../../arm-none-eabi/lib/thumb/v7e-m\libc.a(lib_a-impure.o)
 .data.__atexit_recursive_mutex
                0x20000468        0x4 c:/program files (x86)/atmel/studio/7.0/toolchain/arm/arm-gnu-toolchain/bin/../lib/gcc/arm-none-eabi/6.3.1/../../../../arm-none-eabi/lib/thumb/v7e-m\libc.a(lib_a-__call_atexit.o)
                0x20000468                __atexit_recursive_mutex
 .data.__global_locale
                0x2000046c      0x16c c:/program files (x86)/atmel/studio/7.0/toolchain/arm/arm-gnu-toolchain/bin/../lib/gcc/arm-none-eabi/6.3.1/../../../../arm-none-eabi/lib/thumb/v7e-m\libc.a(lib_a-locale.o)
                0x2000046c                __global_locale
 .data.__malloc_av_
                0x200005d8      0x408 c:/program files (x86)/atmel/studio/7.0/toolchain/arm/arm-gnu-toolchain/bin/../lib/gcc/arm-none-eabi/6.3.1/../../../../arm-none-eabi/lib/thumb/v7e-m\libc.a(lib_a-mallocr.o)
                0x200005d8                __malloc_av_
 .data.__malloc_sbrk_base
                0x200009e0        0x4 c:/program files (x86)/atmel/studio/7.0/toolchain/arm/arm-gnu-toolchain/bin/../lib/gcc/arm-none-eabi/6.3.1/../../../../arm-none-eabi/lib/thumb/v7e-m\libc.a(lib_a-mallocr.o)
                0x200009e0                __malloc_sbrk_base
 .data.__malloc_trim_threshold
                0x200009e4        0x4 c:/program files (x86)/atmel/studio/7.0/toolchain/arm/arm-gnu-toolchain/bin/../lib/gcc/arm-none-eabi/6.3.1/../../../../arm-none-eabi/lib/thumb/v7e-m\libc.a(lib_a-mallocr.o)
                0x200009e4                __malloc_trim_threshold
                0x200009e8                . = ALIGN (0x4)
                0x200009e8                _erelocate = .

.bkupram        0x47000000        0x0
                0x47000000                . = ALIGN (0x8)
                0x47000000                _sbkupram = .
 *(.bkupram .bkupram.*)
                0x47000000                . = ALIGN (0x8)
                0x47000000                _ebkupram = .

.qspi           0x04000000        0x0
                0x04000000                . = ALIGN (0x8)
                0x04000000                _sqspi = .
 *(.qspi .qspi.*)
                0x04000000                . = ALIGN (0x8)
                0x04000000                _eqspi = .

.bss            0x200009e8      0x3c4 load address 0x0000b6d4
                0x200009e8                . = ALIGN (0x4)
                0x200009e8                _sbss = .
                0x200009e8                _szero = .
 *(.bss .bss.*)
 .bss           0x200009e8       0x1c c:/program files (x86)/atmel/studio/7.0/toolchain/arm/arm-gnu-toolchain/bin/../lib/gcc/arm-none-eabi/6.3.1/thumb/v7e-m/crtbegin.o
 .bss           0x20000a04        0xc CCore.o
                0x20000a04                _ulTickCount
                0x20000a08                Freq
                0x20000a0c                __atomic
 .bss           0x20000a10       0x84 CPinPeripheral.o
                0x20000a10                TestD
                0x20000a14                GroupD
 .bss           0x20000a94       0x18 Cpwm.o
                0x20000aa4                Pwm
 .bss           0x20000aac       0x64 CServo.o
                0x20000aad                ServoCount
 .bss           0x20000b10       0x18 CSpi.o
                0x20000b18                SPI
 .bss           0x20000b28        0x4 CUart.o
 .bss           0x20000b2c       0x20 CZumo.o
                0x20000b2c                motorControl
                0x20000b30                Ads1115
                0x20000b34                Servo
                0x20000b38                Analog
 .bss           0x20000b4c        0x4 Device_Startup/syscalls.o
 .bss           0x20000b50      0x1f5 main.o
                0x20000b50                Core
                0x20000b58                Zumo
                0x20000b5c                sercom1
                0x20000b68                sercom2
                0x20000b74                sercom5
                0x20000b80                Uart
                0x20000d18                Spi
                0x20000d28                I2c
                0x20000d44                PinPeripheral
 *fill*         0x20000d45        0x3 
 .bss           0x20000d48        0x4 MSercom.o
                0x20000d48                TestSerc
 .bss.__malloc_current_mallinfo
                0x20000d4c       0x28 c:/program files (x86)/atmel/studio/7.0/toolchain/arm/arm-gnu-toolchain/bin/../lib/gcc/arm-none-eabi/6.3.1/../../../../arm-none-eabi/lib/thumb/v7e-m\libc.a(lib_a-mallocr.o)
                0x20000d4c                __malloc_current_mallinfo
 .bss.__malloc_max_sbrked_mem
                0x20000d74        0x4 c:/program files (x86)/atmel/studio/7.0/toolchain/arm/arm-gnu-toolchain/bin/../lib/gcc/arm-none-eabi/6.3.1/../../../../arm-none-eabi/lib/thumb/v7e-m\libc.a(lib_a-mallocr.o)
                0x20000d74                __malloc_max_sbrked_mem
 .bss.__malloc_max_total_mem
                0x20000d78        0x4 c:/program files (x86)/atmel/studio/7.0/toolchain/arm/arm-gnu-toolchain/bin/../lib/gcc/arm-none-eabi/6.3.1/../../../../arm-none-eabi/lib/thumb/v7e-m\libc.a(lib_a-mallocr.o)
                0x20000d78                __malloc_max_total_mem
 .bss.__malloc_top_pad
                0x20000d7c        0x4 c:/program files (x86)/atmel/studio/7.0/toolchain/arm/arm-gnu-toolchain/bin/../lib/gcc/arm-none-eabi/6.3.1/../../../../arm-none-eabi/lib/thumb/v7e-m\libc.a(lib_a-mallocr.o)
                0x20000d7c                __malloc_top_pad
 *(COMMON)
 COMMON         0x20000d80        0x1 Device_Startup/syscalls.o
                0x20000d80                Temp
 *fill*         0x20000d81        0x3 
 COMMON         0x20000d84       0x21 c:/program files (x86)/atmel/studio/7.0/toolchain/arm/arm-gnu-toolchain/bin/../lib/gcc/arm-none-eabi/6.3.1/../../../../arm-none-eabi/lib/thumb/v7e-m\libc.a(lib_a-lock.o)
                0x20000d84                __lock___atexit_recursive_mutex
                0x20000d88                __lock___arc4random_mutex
                0x20000d8c                __lock___env_recursive_mutex
                0x20000d90                __lock___sinit_recursive_mutex
                0x20000d94                __lock___malloc_recursive_mutex
                0x20000d98                __lock___at_quick_exit_mutex
                0x20000d9c                __lock___dd_hash_mutex
                0x20000da0                __lock___tz_mutex
                0x20000da4                __lock___sfp_recursive_mutex
 *fill*         0x20000da5        0x3 
 COMMON         0x20000da8        0x4 c:/program files (x86)/atmel/studio/7.0/toolchain/arm/arm-gnu-toolchain/bin/../lib/gcc/arm-none-eabi/6.3.1/../../../../arm-none-eabi/lib/thumb/v7e-m\libc.a(lib_a-reent.o)
                0x20000da8                errno
                0x20000dac                . = ALIGN (0x4)
                0x20000dac                _ebss = .
                0x20000dac                _ezero = .

.stack          0x20000dac    0x10004 load address 0x0000ba98
                0x20000db0                . = ALIGN (0x8)
 *fill*         0x20000dac        0x4 
                0x20000db0                _sstack = .
                0x20010db0                . = (. + STACK_SIZE)
 *fill*         0x20000db0    0x10000 
                0x20010db0                . = ALIGN (0x8)
                0x20010db0                _estack = .
                0x20010db0                . = ALIGN (0x4)
                0x20010db0                _end = .
OUTPUT(SamTest51.elf elf32-littlearm)

.ARM.attributes
                0x00000000       0x2a
 .ARM.attributes
                0x00000000       0x1e c:/program files (x86)/atmel/studio/7.0/toolchain/arm/arm-gnu-toolchain/bin/../lib/gcc/arm-none-eabi/6.3.1/thumb/v7e-m/crti.o
 .ARM.attributes
                0x0000001e       0x2e c:/program files (x86)/atmel/studio/7.0/toolchain/arm/arm-gnu-toolchain/bin/../lib/gcc/arm-none-eabi/6.3.1/thumb/v7e-m/crtbegin.o
 .ARM.attributes
                0x0000004c       0x33 CAds1115.o
 .ARM.attributes
                0x0000007f       0x33 CAnalog.o
 .ARM.attributes
                0x000000b2       0x33 CCore.o
 .ARM.attributes
                0x000000e5       0x33 CI2c.o
 .ARM.attributes
                0x00000118       0x33 CmotorControl.o
 .ARM.attributes
                0x0000014b       0x33 CPinPeripheral.o
 .ARM.attributes
                0x0000017e       0x33 Cpwm.o
 .ARM.attributes
                0x000001b1       0x33 CServo.o
 .ARM.attributes
                0x000001e4       0x33 CSpi.o
 .ARM.attributes
                0x00000217       0x33 CUart.o
 .ARM.attributes
                0x0000024a       0x33 CZumo.o
 .ARM.attributes
                0x0000027d       0x33 Device_Startup/startup_samd51.o
 .ARM.attributes
                0x000002b0       0x33 Device_Startup/syscalls.o
 .ARM.attributes
                0x000002e3       0x33 Device_Startup/system_samd51.o
 .ARM.attributes
                0x00000316       0x33 main.o
 .ARM.attributes
                0x00000349       0x33 MSercom.o
 .ARM.attributes
                0x0000037c       0x2e c:/program files (x86)/atmel/studio/7.0/toolchain/arm/arm-gnu-toolchain/bin/../lib/gcc/arm-none-eabi/6.3.1/../../../../arm-none-eabi/lib/thumb/v7e-m\libstdc++.a(atexit_arm.o)
 .ARM.attributes
                0x000003aa       0x1e c:/program files (x86)/atmel/studio/7.0/toolchain/arm/arm-gnu-toolchain/bin/../lib/gcc/arm-none-eabi/6.3.1/thumb/v7e-m\libgcc.a(_arm_addsubdf3.o)
 .ARM.attributes
                0x000003c8       0x1e c:/program files (x86)/atmel/studio/7.0/toolchain/arm/arm-gnu-toolchain/bin/../lib/gcc/arm-none-eabi/6.3.1/thumb/v7e-m\libgcc.a(_arm_muldivdf3.o)
 .ARM.attributes
                0x000003e6       0x1e c:/program files (x86)/atmel/studio/7.0/toolchain/arm/arm-gnu-toolchain/bin/../lib/gcc/arm-none-eabi/6.3.1/thumb/v7e-m\libgcc.a(_arm_cmpdf2.o)
 .ARM.attributes
                0x00000404       0x1e c:/program files (x86)/atmel/studio/7.0/toolchain/arm/arm-gnu-toolchain/bin/../lib/gcc/arm-none-eabi/6.3.1/thumb/v7e-m\libgcc.a(_arm_fixdfsi.o)
 .ARM.attributes
                0x00000422       0x2e c:/program files (x86)/atmel/studio/7.0/toolchain/arm/arm-gnu-toolchain/bin/../lib/gcc/arm-none-eabi/6.3.1/../../../../arm-none-eabi/lib/thumb/v7e-m\libc.a(lib_a-assert.o)
 .ARM.attributes
                0x00000450       0x2e c:/program files (x86)/atmel/studio/7.0/toolchain/arm/arm-gnu-toolchain/bin/../lib/gcc/arm-none-eabi/6.3.1/../../../../arm-none-eabi/lib/thumb/v7e-m\libc.a(lib_a-cxa_atexit.o)
 .ARM.attributes
                0x0000047e       0x2e c:/program files (x86)/atmel/studio/7.0/toolchain/arm/arm-gnu-toolchain/bin/../lib/gcc/arm-none-eabi/6.3.1/../../../../arm-none-eabi/lib/thumb/v7e-m\libc.a(lib_a-fiprintf.o)
 .ARM.attributes
                0x000004ac       0x2e c:/program files (x86)/atmel/studio/7.0/toolchain/arm/arm-gnu-toolchain/bin/../lib/gcc/arm-none-eabi/6.3.1/../../../../arm-none-eabi/lib/thumb/v7e-m\libc.a(lib_a-impure.o)
 .ARM.attributes
                0x000004da       0x2e c:/program files (x86)/atmel/studio/7.0/toolchain/arm/arm-gnu-toolchain/bin/../lib/gcc/arm-none-eabi/6.3.1/../../../../arm-none-eabi/lib/thumb/v7e-m\libc.a(lib_a-init.o)
 .ARM.attributes
                0x00000508       0x2e c:/program files (x86)/atmel/studio/7.0/toolchain/arm/arm-gnu-toolchain/bin/../lib/gcc/arm-none-eabi/6.3.1/../../../../arm-none-eabi/lib/thumb/v7e-m\libc.a(lib_a-memset.o)
 .ARM.attributes
                0x00000536       0x2e c:/program files (x86)/atmel/studio/7.0/toolchain/arm/arm-gnu-toolchain/bin/../lib/gcc/arm-none-eabi/6.3.1/../../../../arm-none-eabi/lib/thumb/v7e-m\libc.a(lib_a-printf.o)
 .ARM.attributes
                0x00000564       0x2e c:/program files (x86)/atmel/studio/7.0/toolchain/arm/arm-gnu-toolchain/bin/../lib/gcc/arm-none-eabi/6.3.1/../../../../arm-none-eabi/lib/thumb/v7e-m\libc.a(lib_a-stdio.o)
 .ARM.attributes
                0x00000592       0x1c c:/program files (x86)/atmel/studio/7.0/toolchain/arm/arm-gnu-toolchain/bin/../lib/gcc/arm-none-eabi/6.3.1/../../../../arm-none-eabi/lib/thumb/v7e-m\libc.a(lib_a-strlen.o)
 .ARM.attributes
                0x000005ae       0x2e c:/program files (x86)/atmel/studio/7.0/toolchain/arm/arm-gnu-toolchain/bin/../lib/gcc/arm-none-eabi/6.3.1/../../../../arm-none-eabi/lib/thumb/v7e-m\libc.a(lib_a-svfprintf.o)
 .ARM.attributes
                0x000005dc       0x2e c:/program files (x86)/atmel/studio/7.0/toolchain/arm/arm-gnu-toolchain/bin/../lib/gcc/arm-none-eabi/6.3.1/../../../../arm-none-eabi/lib/thumb/v7e-m\libc.a(lib_a-vfiprintf.o)
 .ARM.attributes
                0x0000060a       0x2e c:/program files (x86)/atmel/studio/7.0/toolchain/arm/arm-gnu-toolchain/bin/../lib/gcc/arm-none-eabi/6.3.1/../../../../arm-none-eabi/lib/thumb/v7e-m\libc.a(lib_a-vfprintf.o)
 .ARM.attributes
                0x00000638       0x2e c:/program files (x86)/atmel/studio/7.0/toolchain/arm/arm-gnu-toolchain/bin/../lib/gcc/arm-none-eabi/6.3.1/../../../../arm-none-eabi/lib/thumb/v7e-m\libc.a(lib_a-vsprintf.o)
 .ARM.attributes
                0x00000666       0x2e c:/program files (x86)/atmel/studio/7.0/toolchain/arm/arm-gnu-toolchain/bin/../lib/gcc/arm-none-eabi/6.3.1/../../../../arm-none-eabi/lib/thumb/v7e-m\libc.a(lib_a-writer.o)
 .ARM.attributes
                0x00000694       0x2e c:/program files (x86)/atmel/studio/7.0/toolchain/arm/arm-gnu-toolchain/bin/../lib/gcc/arm-none-eabi/6.3.1/../../../../arm-none-eabi/lib/thumb/v7e-m\libc.a(lib_a-wsetup.o)
 .ARM.attributes
                0x000006c2       0x2e c:/program files (x86)/atmel/studio/7.0/toolchain/arm/arm-gnu-toolchain/bin/../lib/gcc/arm-none-eabi/6.3.1/../../../../arm-none-eabi/lib/thumb/v7e-m\libc.a(lib_a-__atexit.o)
 .ARM.attributes
                0x000006f0       0x2e c:/program files (x86)/atmel/studio/7.0/toolchain/arm/arm-gnu-toolchain/bin/../lib/gcc/arm-none-eabi/6.3.1/../../../../arm-none-eabi/lib/thumb/v7e-m\libc.a(lib_a-__call_atexit.o)
 .ARM.attributes
                0x0000071e       0x2e c:/program files (x86)/atmel/studio/7.0/toolchain/arm/arm-gnu-toolchain/bin/../lib/gcc/arm-none-eabi/6.3.1/../../../../arm-none-eabi/lib/thumb/v7e-m\libc.a(lib_a-abort.o)
 .ARM.attributes
                0x0000074c       0x2e c:/program files (x86)/atmel/studio/7.0/toolchain/arm/arm-gnu-toolchain/bin/../lib/gcc/arm-none-eabi/6.3.1/../../../../arm-none-eabi/lib/thumb/v7e-m\libc.a(lib_a-atexit.o)
 .ARM.attributes
                0x0000077a       0x2e c:/program files (x86)/atmel/studio/7.0/toolchain/arm/arm-gnu-toolchain/bin/../lib/gcc/arm-none-eabi/6.3.1/../../../../arm-none-eabi/lib/thumb/v7e-m\libc.a(lib_a-closer.o)
 .ARM.attributes
                0x000007a8       0x2e c:/program files (x86)/atmel/studio/7.0/toolchain/arm/arm-gnu-toolchain/bin/../lib/gcc/arm-none-eabi/6.3.1/../../../../arm-none-eabi/lib/thumb/v7e-m\libc.a(lib_a-dtoa.o)
 .ARM.attributes
                0x000007d6       0x2e c:/program files (x86)/atmel/studio/7.0/toolchain/arm/arm-gnu-toolchain/bin/../lib/gcc/arm-none-eabi/6.3.1/../../../../arm-none-eabi/lib/thumb/v7e-m\libc.a(lib_a-fflush.o)
 .ARM.attributes
                0x00000804       0x2e c:/program files (x86)/atmel/studio/7.0/toolchain/arm/arm-gnu-toolchain/bin/../lib/gcc/arm-none-eabi/6.3.1/../../../../arm-none-eabi/lib/thumb/v7e-m\libc.a(lib_a-findfp.o)
 .ARM.attributes
                0x00000832       0x2e c:/program files (x86)/atmel/studio/7.0/toolchain/arm/arm-gnu-toolchain/bin/../lib/gcc/arm-none-eabi/6.3.1/../../../../arm-none-eabi/lib/thumb/v7e-m\libc.a(lib_a-fini.o)
 .ARM.attributes
                0x00000860       0x2e c:/program files (x86)/atmel/studio/7.0/toolchain/arm/arm-gnu-toolchain/bin/../lib/gcc/arm-none-eabi/6.3.1/../../../../arm-none-eabi/lib/thumb/v7e-m\libc.a(lib_a-fputwc.o)
 .ARM.attributes
                0x0000088e       0x2e c:/program files (x86)/atmel/studio/7.0/toolchain/arm/arm-gnu-toolchain/bin/../lib/gcc/arm-none-eabi/6.3.1/../../../../arm-none-eabi/lib/thumb/v7e-m\libc.a(lib_a-freer.o)
 .ARM.attributes
                0x000008bc       0x2e c:/program files (x86)/atmel/studio/7.0/toolchain/arm/arm-gnu-toolchain/bin/../lib/gcc/arm-none-eabi/6.3.1/../../../../arm-none-eabi/lib/thumb/v7e-m\libc.a(lib_a-fvwrite.o)
 .ARM.attributes
                0x000008ea       0x2e c:/program files (x86)/atmel/studio/7.0/toolchain/arm/arm-gnu-toolchain/bin/../lib/gcc/arm-none-eabi/6.3.1/../../../../arm-none-eabi/lib/thumb/v7e-m\libc.a(lib_a-fwalk.o)
 .ARM.attributes
                0x00000918       0x2e c:/program files (x86)/atmel/studio/7.0/toolchain/arm/arm-gnu-toolchain/bin/../lib/gcc/arm-none-eabi/6.3.1/../../../../arm-none-eabi/lib/thumb/v7e-m\libc.a(lib_a-locale.o)
 .ARM.attributes
                0x00000946       0x2e c:/program files (x86)/atmel/studio/7.0/toolchain/arm/arm-gnu-toolchain/bin/../lib/gcc/arm-none-eabi/6.3.1/../../../../arm-none-eabi/lib/thumb/v7e-m\libc.a(lib_a-localeconv.o)
 .ARM.attributes
                0x00000974       0x2e c:/program files (x86)/atmel/studio/7.0/toolchain/arm/arm-gnu-toolchain/bin/../lib/gcc/arm-none-eabi/6.3.1/../../../../arm-none-eabi/lib/thumb/v7e-m\libc.a(lib_a-lock.o)
 .ARM.attributes
                0x000009a2       0x2e c:/program files (x86)/atmel/studio/7.0/toolchain/arm/arm-gnu-toolchain/bin/../lib/gcc/arm-none-eabi/6.3.1/../../../../arm-none-eabi/lib/thumb/v7e-m\libc.a(lib_a-lseekr.o)
 .ARM.attributes
                0x000009d0       0x2e c:/program files (x86)/atmel/studio/7.0/toolchain/arm/arm-gnu-toolchain/bin/../lib/gcc/arm-none-eabi/6.3.1/../../../../arm-none-eabi/lib/thumb/v7e-m\libc.a(lib_a-makebuf.o)
 .ARM.attributes
                0x000009fe       0x2e c:/program files (x86)/atmel/studio/7.0/toolchain/arm/arm-gnu-toolchain/bin/../lib/gcc/arm-none-eabi/6.3.1/../../../../arm-none-eabi/lib/thumb/v7e-m\libc.a(lib_a-mallocr.o)
 .ARM.attributes
                0x00000a2c       0x2e c:/program files (x86)/atmel/studio/7.0/toolchain/arm/arm-gnu-toolchain/bin/../lib/gcc/arm-none-eabi/6.3.1/../../../../arm-none-eabi/lib/thumb/v7e-m\libc.a(lib_a-mbtowc_r.o)
 .ARM.attributes
                0x00000a5a       0x1c c:/program files (x86)/atmel/studio/7.0/toolchain/arm/arm-gnu-toolchain/bin/../lib/gcc/arm-none-eabi/6.3.1/../../../../arm-none-eabi/lib/thumb/v7e-m\libc.a(lib_a-memchr.o)
 .ARM.attributes
                0x00000a76       0x1c c:/program files (x86)/atmel/studio/7.0/toolchain/arm/arm-gnu-toolchain/bin/../lib/gcc/arm-none-eabi/6.3.1/../../../../arm-none-eabi/lib/thumb/v7e-m\libc.a(lib_a-memcpy.o)
 .ARM.attributes
                0x00000a92       0x2e c:/program files (x86)/atmel/studio/7.0/toolchain/arm/arm-gnu-toolchain/bin/../lib/gcc/arm-none-eabi/6.3.1/../../../../arm-none-eabi/lib/thumb/v7e-m\libc.a(lib_a-memmove.o)
 .ARM.attributes
                0x00000ac0       0x2e c:/program files (x86)/atmel/studio/7.0/toolchain/arm/arm-gnu-toolchain/bin/../lib/gcc/arm-none-eabi/6.3.1/../../../../arm-none-eabi/lib/thumb/v7e-m\libc.a(lib_a-mlock.o)
 .ARM.attributes
                0x00000aee       0x2e c:/program files (x86)/atmel/studio/7.0/toolchain/arm/arm-gnu-toolchain/bin/../lib/gcc/arm-none-eabi/6.3.1/../../../../arm-none-eabi/lib/thumb/v7e-m\libc.a(lib_a-mprec.o)
 .ARM.attributes
                0x00000b1c       0x2e c:/program files (x86)/atmel/studio/7.0/toolchain/arm/arm-gnu-toolchain/bin/../lib/gcc/arm-none-eabi/6.3.1/../../../../arm-none-eabi/lib/thumb/v7e-m\libc.a(lib_a-readr.o)
 .ARM.attributes
                0x00000b4a       0x2e c:/program files (x86)/atmel/studio/7.0/toolchain/arm/arm-gnu-toolchain/bin/../lib/gcc/arm-none-eabi/6.3.1/../../../../arm-none-eabi/lib/thumb/v7e-m\libc.a(lib_a-reallocr.o)
 .ARM.attributes
                0x00000b78       0x2e c:/program files (x86)/atmel/studio/7.0/toolchain/arm/arm-gnu-toolchain/bin/../lib/gcc/arm-none-eabi/6.3.1/../../../../arm-none-eabi/lib/thumb/v7e-m\libc.a(lib_a-reent.o)
 .ARM.attributes
                0x00000ba6       0x2e c:/program files (x86)/atmel/studio/7.0/toolchain/arm/arm-gnu-toolchain/bin/../lib/gcc/arm-none-eabi/6.3.1/../../../../arm-none-eabi/lib/thumb/v7e-m\libc.a(lib_a-sbrkr.o)
 .ARM.attributes
                0x00000bd4       0x2e c:/program files (x86)/atmel/studio/7.0/toolchain/arm/arm-gnu-toolchain/bin/../lib/gcc/arm-none-eabi/6.3.1/../../../../arm-none-eabi/lib/thumb/v7e-m\libc.a(lib_a-signal.o)
 .ARM.attributes
                0x00000c02       0x2e c:/program files (x86)/atmel/studio/7.0/toolchain/arm/arm-gnu-toolchain/bin/../lib/gcc/arm-none-eabi/6.3.1/../../../../arm-none-eabi/lib/thumb/v7e-m\libc.a(lib_a-signalr.o)
 .ARM.attributes
                0x00000c30       0x2e c:/program files (x86)/atmel/studio/7.0/toolchain/arm/arm-gnu-toolchain/bin/../lib/gcc/arm-none-eabi/6.3.1/../../../../arm-none-eabi/lib/thumb/v7e-m\libc.a(lib_a-svfiprintf.o)
 .ARM.attributes
                0x00000c5e       0x2e c:/program files (x86)/atmel/studio/7.0/toolchain/arm/arm-gnu-toolchain/bin/../lib/gcc/arm-none-eabi/6.3.1/../../../../arm-none-eabi/lib/thumb/v7e-m\libc.a(lib_a-wbuf.o)
 .ARM.attributes
                0x00000c8c       0x2e c:/program files (x86)/atmel/studio/7.0/toolchain/arm/arm-gnu-toolchain/bin/../lib/gcc/arm-none-eabi/6.3.1/../../../../arm-none-eabi/lib/thumb/v7e-m\libc.a(lib_a-wcrtomb.o)
 .ARM.attributes
                0x00000cba       0x2e c:/program files (x86)/atmel/studio/7.0/toolchain/arm/arm-gnu-toolchain/bin/../lib/gcc/arm-none-eabi/6.3.1/../../../../arm-none-eabi/lib/thumb/v7e-m\libc.a(lib_a-wctomb_r.o)
 .ARM.attributes
                0x00000ce8       0x2e c:/program files (x86)/atmel/studio/7.0/toolchain/arm/arm-gnu-toolchain/bin/../lib/gcc/arm-none-eabi/6.3.1/../../../../arm-none-eabi/lib/thumb/v7e-m\libc.a(lib_a-callocr.o)
 .ARM.attributes
                0x00000d16       0x2e c:/program files (x86)/atmel/studio/7.0/toolchain/arm/arm-gnu-toolchain/bin/../lib/gcc/arm-none-eabi/6.3.1/../../../../arm-none-eabi/lib/thumb/v7e-m\libc.a(lib_a-ctype_.o)
 .ARM.attributes
                0x00000d44       0x2e c:/program files (x86)/atmel/studio/7.0/toolchain/arm/arm-gnu-toolchain/bin/../lib/gcc/arm-none-eabi/6.3.1/../../../../arm-none-eabi/lib/thumb/v7e-m\libc.a(lib_a-fclose.o)
 .ARM.attributes
                0x00000d72       0x2e c:/program files (x86)/atmel/studio/7.0/toolchain/arm/arm-gnu-toolchain/bin/../lib/gcc/arm-none-eabi/6.3.1/../../../../arm-none-eabi/lib/thumb/v7e-m\libc.a(lib_a-fstatr.o)
 .ARM.attributes
                0x00000da0       0x2e c:/program files (x86)/atmel/studio/7.0/toolchain/arm/arm-gnu-toolchain/bin/../lib/gcc/arm-none-eabi/6.3.1/../../../../arm-none-eabi/lib/thumb/v7e-m\libc.a(lib_a-isattyr.o)
 .ARM.attributes
                0x00000dce       0x1e c:/program files (x86)/atmel/studio/7.0/toolchain/arm/arm-gnu-toolchain/bin/../lib/gcc/arm-none-eabi/6.3.1/thumb/v7e-m\libgcc.a(_arm_unorddf2.o)
 .ARM.attributes
                0x00000dec       0x1e c:/program files (x86)/atmel/studio/7.0/toolchain/arm/arm-gnu-toolchain/bin/../lib/gcc/arm-none-eabi/6.3.1/thumb/v7e-m\libgcc.a(_aeabi_uldivmod.o)
 .ARM.attributes
                0x00000e0a       0x2e c:/program files (x86)/atmel/studio/7.0/toolchain/arm/arm-gnu-toolchain/bin/../lib/gcc/arm-none-eabi/6.3.1/thumb/v7e-m\libgcc.a(_udivmoddi4.o)
 .ARM.attributes
                0x00000e38       0x1e c:/program files (x86)/atmel/studio/7.0/toolchain/arm/arm-gnu-toolchain/bin/../lib/gcc/arm-none-eabi/6.3.1/thumb/v7e-m\libgcc.a(_dvmd_tls.o)
 .ARM.attributes
                0x00000e56       0x1e c:/program files (x86)/atmel/studio/7.0/toolchain/arm/arm-gnu-toolchain/bin/../lib/gcc/arm-none-eabi/6.3.1/thumb/v7e-m/crtn.o

.comment        0x00000000       0x59
 .comment       0x00000000       0x59 CAds1115.o
                                 0x5a (size before relaxing)
 .comment       0x00000059       0x5a CAnalog.o
 .comment       0x00000059       0x5a CCore.o
 .comment       0x00000059       0x5a CI2c.o
 .comment       0x00000059       0x5a CmotorControl.o
 .comment       0x00000059       0x5a CPinPeripheral.o
 .comment       0x00000059       0x5a Cpwm.o
 .comment       0x00000059       0x5a CServo.o
 .comment       0x00000059       0x5a CSpi.o
 .comment       0x00000059       0x5a CUart.o
 .comment       0x00000059       0x5a CZumo.o
 .comment       0x00000059       0x5a Device_Startup/startup_samd51.o
 .comment       0x00000059       0x5a Device_Startup/syscalls.o
 .comment       0x00000059       0x5a Device_Startup/system_samd51.o
 .comment       0x00000059       0x5a main.o
 .comment       0x00000059       0x5a MSercom.o

.debug_info     0x00000000    0x3a71b
 .debug_info    0x00000000     0x4aed CAds1115.o
 .debug_info    0x00004aed     0x3a85 CAnalog.o
 .debug_info    0x00008572     0x1762 CCore.o
 .debug_info    0x00009cd4     0x4654 CI2c.o
 .debug_info    0x0000e328     0x10d4 CmotorControl.o
 .debug_info    0x0000f3fc     0x1a6e CPinPeripheral.o
 .debug_info    0x00010e6a     0x489b Cpwm.o
 .debug_info    0x00015705     0x396c CServo.o
 .debug_info    0x00019071     0x4db1 CSpi.o
 .debug_info    0x0001de22     0x5aa8 CUart.o
 .debug_info    0x000238ca     0x96cf CZumo.o
 .debug_info    0x0002cf99      0xd46 Device_Startup/startup_samd51.o
 .debug_info    0x0002dcdf      0xe2b Device_Startup/syscalls.o
 .debug_info    0x0002eb0a       0xfe Device_Startup/system_samd51.o
 .debug_info    0x0002ec08     0x5383 main.o
 .debug_info    0x00033f8b     0x6790 MSercom.o

.debug_abbrev   0x00000000     0x4943
 .debug_abbrev  0x00000000      0x521 CAds1115.o
 .debug_abbrev  0x00000521      0x4c4 CAnalog.o
 .debug_abbrev  0x000009e5      0x48f CCore.o
 .debug_abbrev  0x00000e74      0x4b2 CI2c.o
 .debug_abbrev  0x00001326      0x2f2 CmotorControl.o
 .debug_abbrev  0x00001618      0x45c CPinPeripheral.o
 .debug_abbrev  0x00001a74      0x514 Cpwm.o
 .debug_abbrev  0x00001f88      0x6a4 CServo.o
 .debug_abbrev  0x0000262c      0x6ab CSpi.o
 .debug_abbrev  0x00002cd7      0x65f CUart.o
 .debug_abbrev  0x00003336      0x5da CZumo.o
 .debug_abbrev  0x00003910      0x153 Device_Startup/startup_samd51.o
 .debug_abbrev  0x00003a63      0x2a1 Device_Startup/syscalls.o
 .debug_abbrev  0x00003d04       0x8a Device_Startup/system_samd51.o
 .debug_abbrev  0x00003d8e      0x4fa main.o
 .debug_abbrev  0x00004288      0x6bb MSercom.o

.debug_loc      0x00000000     0x4d71
 .debug_loc     0x00000000      0x766 CAds1115.o
 .debug_loc     0x00000766      0x4e7 CAnalog.o
 .debug_loc     0x00000c4d      0x304 CCore.o
 .debug_loc     0x00000f51      0x536 CI2c.o
 .debug_loc     0x00001487      0x1a5 CmotorControl.o
 .debug_loc     0x0000162c      0x624 CPinPeripheral.o
 .debug_loc     0x00001c50      0x380 Cpwm.o
 .debug_loc     0x00001fd0      0x6d8 CServo.o
 .debug_loc     0x000026a8      0x8b6 CSpi.o
 .debug_loc     0x00002f5e      0x6f2 CUart.o
 .debug_loc     0x00003650      0x120 CZumo.o
 .debug_loc     0x00003770       0x6b Device_Startup/startup_samd51.o
 .debug_loc     0x000037db      0x13b Device_Startup/syscalls.o
 .debug_loc     0x00003916       0xc9 main.o
 .debug_loc     0x000039df     0x1392 MSercom.o
